<?xml version="1.0"?>
<link_info>
   <banner>TI ARM Linker Unix v16.9.3.LTS</banner>
   <copyright>Copyright (c) 1996-2017 Texas Instruments Incorporated</copyright>
   <link_time>0x5a20378b</link_time>
   <link_errors>0x0</link_errors>
   <output_file>rubikscubeRobot.out</output_file>
   <entry_point>
      <name>_c_int00</name>
      <address>0xb231</address>
   </entry_point>
   <input_file_list>
      <input_file id="fl-2">
         <path>./</path>
         <kind>object</kind>
         <file>configCombination.obj</file>
         <name>configCombination.obj</name>
      </input_file>
      <input_file id="fl-3">
         <path>./</path>
         <kind>object</kind>
         <file>configLEDsSwitches.obj</file>
         <name>configLEDsSwitches.obj</name>
      </input_file>
      <input_file id="fl-4">
         <path>./</path>
         <kind>object</kind>
         <file>configState.obj</file>
         <name>configState.obj</name>
      </input_file>
      <input_file id="fl-5">
         <path>./</path>
         <kind>object</kind>
         <file>configTimersGPIO.obj</file>
         <name>configTimersGPIO.obj</name>
      </input_file>
      <input_file id="fl-6">
         <path>./</path>
         <kind>object</kind>
         <file>main.obj</file>
         <name>main.obj</name>
      </input_file>
      <input_file id="fl-7">
         <path>./</path>
         <kind>object</kind>
         <file>startup_msp432p401r_ccs.obj</file>
         <name>startup_msp432p401r_ccs.obj</name>
      </input_file>
      <input_file id="fl-8">
         <path>./</path>
         <kind>object</kind>
         <file>system_msp432p401r.obj</file>
         <name>system_msp432p401r.obj</name>
      </input_file>
      <input_file id="fl-9">
         <path>./</path>
         <kind>object</kind>
         <file>workFlow.obj</file>
         <name>workFlow.obj</name>
      </input_file>
      <input_file id="fl-a">
         <path>./driverlib/MSP432P4xx/</path>
         <kind>object</kind>
         <file>adc14.obj</file>
         <name>adc14.obj</name>
      </input_file>
      <input_file id="fl-b">
         <path>./driverlib/MSP432P4xx/</path>
         <kind>object</kind>
         <file>aes256.obj</file>
         <name>aes256.obj</name>
      </input_file>
      <input_file id="fl-c">
         <path>./driverlib/MSP432P4xx/</path>
         <kind>object</kind>
         <file>comp_e.obj</file>
         <name>comp_e.obj</name>
      </input_file>
      <input_file id="fl-d">
         <path>./driverlib/MSP432P4xx/</path>
         <kind>object</kind>
         <file>cpu.obj</file>
         <name>cpu.obj</name>
      </input_file>
      <input_file id="fl-e">
         <path>./driverlib/MSP432P4xx/</path>
         <kind>object</kind>
         <file>crc32.obj</file>
         <name>crc32.obj</name>
      </input_file>
      <input_file id="fl-f">
         <path>./driverlib/MSP432P4xx/</path>
         <kind>object</kind>
         <file>cs.obj</file>
         <name>cs.obj</name>
      </input_file>
      <input_file id="fl-10">
         <path>./driverlib/MSP432P4xx/</path>
         <kind>object</kind>
         <file>dma.obj</file>
         <name>dma.obj</name>
      </input_file>
      <input_file id="fl-11">
         <path>./driverlib/MSP432P4xx/</path>
         <kind>object</kind>
         <file>flash.obj</file>
         <name>flash.obj</name>
      </input_file>
      <input_file id="fl-12">
         <path>./driverlib/MSP432P4xx/</path>
         <kind>object</kind>
         <file>fpu.obj</file>
         <name>fpu.obj</name>
      </input_file>
      <input_file id="fl-13">
         <path>./driverlib/MSP432P4xx/</path>
         <kind>object</kind>
         <file>gpio.obj</file>
         <name>gpio.obj</name>
      </input_file>
      <input_file id="fl-14">
         <path>./driverlib/MSP432P4xx/</path>
         <kind>object</kind>
         <file>i2c.obj</file>
         <name>i2c.obj</name>
      </input_file>
      <input_file id="fl-15">
         <path>./driverlib/MSP432P4xx/</path>
         <kind>object</kind>
         <file>interrupt.obj</file>
         <name>interrupt.obj</name>
      </input_file>
      <input_file id="fl-16">
         <path>./driverlib/MSP432P4xx/</path>
         <kind>object</kind>
         <file>mpu.obj</file>
         <name>mpu.obj</name>
      </input_file>
      <input_file id="fl-17">
         <path>./driverlib/MSP432P4xx/</path>
         <kind>object</kind>
         <file>pcm.obj</file>
         <name>pcm.obj</name>
      </input_file>
      <input_file id="fl-18">
         <path>./driverlib/MSP432P4xx/</path>
         <kind>object</kind>
         <file>pmap.obj</file>
         <name>pmap.obj</name>
      </input_file>
      <input_file id="fl-19">
         <path>./driverlib/MSP432P4xx/</path>
         <kind>object</kind>
         <file>pss.obj</file>
         <name>pss.obj</name>
      </input_file>
      <input_file id="fl-1a">
         <path>./driverlib/MSP432P4xx/</path>
         <kind>object</kind>
         <file>ref_a.obj</file>
         <name>ref_a.obj</name>
      </input_file>
      <input_file id="fl-1b">
         <path>./driverlib/MSP432P4xx/</path>
         <kind>object</kind>
         <file>reset.obj</file>
         <name>reset.obj</name>
      </input_file>
      <input_file id="fl-1c">
         <path>./driverlib/MSP432P4xx/</path>
         <kind>object</kind>
         <file>rtc_c.obj</file>
         <name>rtc_c.obj</name>
      </input_file>
      <input_file id="fl-1d">
         <path>./driverlib/MSP432P4xx/</path>
         <kind>object</kind>
         <file>spi.obj</file>
         <name>spi.obj</name>
      </input_file>
      <input_file id="fl-1e">
         <path>./driverlib/MSP432P4xx/</path>
         <kind>object</kind>
         <file>sysctl.obj</file>
         <name>sysctl.obj</name>
      </input_file>
      <input_file id="fl-1f">
         <path>./driverlib/MSP432P4xx/</path>
         <kind>object</kind>
         <file>systick.obj</file>
         <name>systick.obj</name>
      </input_file>
      <input_file id="fl-20">
         <path>./driverlib/MSP432P4xx/</path>
         <kind>object</kind>
         <file>timer32.obj</file>
         <name>timer32.obj</name>
      </input_file>
      <input_file id="fl-21">
         <path>./driverlib/MSP432P4xx/</path>
         <kind>object</kind>
         <file>timer_a.obj</file>
         <name>timer_a.obj</name>
      </input_file>
      <input_file id="fl-22">
         <path>./driverlib/MSP432P4xx/</path>
         <kind>object</kind>
         <file>uart.obj</file>
         <name>uart.obj</name>
      </input_file>
      <input_file id="fl-23">
         <path>./driverlib/MSP432P4xx/</path>
         <kind>object</kind>
         <file>wdt_a.obj</file>
         <name>wdt_a.obj</name>
      </input_file>
      <input_file id="fl-24">
         <path>./sensor/</path>
         <kind>object</kind>
         <file>colorSensor.obj</file>
         <name>colorSensor.obj</name>
      </input_file>
      <input_file id="fl-25">
         <path>./sensor/</path>
         <kind>object</kind>
         <file>colorUtils.obj</file>
         <name>colorUtils.obj</name>
      </input_file>
      <input_file id="fl-26">
         <path>./sensor/</path>
         <kind>object</kind>
         <file>mainSensor.obj</file>
         <name>mainSensor.obj</name>
      </input_file>
      <input_file id="fl-27">
         <path>./servo/</path>
         <kind>object</kind>
         <file>servoControl.obj</file>
         <name>servoControl.obj</name>
      </input_file>
      <input_file id="fl-28">
         <path>./solver/</path>
         <kind>object</kind>
         <file>mixxer.obj</file>
         <name>mixxer.obj</name>
      </input_file>
      <input_file id="fl-29">
         <path>./solver/</path>
         <kind>object</kind>
         <file>reducer.obj</file>
         <name>reducer.obj</name>
      </input_file>
      <input_file id="fl-2a">
         <path>./solver/</path>
         <kind>object</kind>
         <file>solver.obj</file>
         <name>solver.obj</name>
      </input_file>
      <input_file id="fl-2b">
         <path>./solver/</path>
         <kind>object</kind>
         <file>stage1a.obj</file>
         <name>stage1a.obj</name>
      </input_file>
      <input_file id="fl-2c">
         <path>./solver/</path>
         <kind>object</kind>
         <file>stage1b.obj</file>
         <name>stage1b.obj</name>
      </input_file>
      <input_file id="fl-2d">
         <path>./solver/</path>
         <kind>object</kind>
         <file>stage2.obj</file>
         <name>stage2.obj</name>
      </input_file>
      <input_file id="fl-2e">
         <path>./solver/</path>
         <kind>object</kind>
         <file>stage3a.obj</file>
         <name>stage3a.obj</name>
      </input_file>
      <input_file id="fl-2f">
         <path>./solver/</path>
         <kind>object</kind>
         <file>stage3b.obj</file>
         <name>stage3b.obj</name>
      </input_file>
      <input_file id="fl-30">
         <path>./solver/</path>
         <kind>object</kind>
         <file>stage4.obj</file>
         <name>stage4.obj</name>
      </input_file>
      <input_file id="fl-31">
         <path>./solver/</path>
         <kind>object</kind>
         <file>stage5.obj</file>
         <name>stage5.obj</name>
      </input_file>
      <input_file id="fl-32">
         <path>./solver/</path>
         <kind>object</kind>
         <file>tools.obj</file>
         <name>tools.obj</name>
      </input_file>
      <input_file id="fl-33">
         <path>./solver/</path>
         <kind>object</kind>
         <file>transformations.obj</file>
         <name>transformations.obj</name>
      </input_file>
      <input_file id="fl-34">
         <path>./solver/</path>
         <kind>object</kind>
         <file>validator.obj</file>
         <name>validator.obj</name>
      </input_file>
      <input_file id="fl-35">
         <path>./steppers/</path>
         <kind>object</kind>
         <file>steppersControl.obj</file>
         <name>steppersControl.obj</name>
      </input_file>
      <input_file id="fl-39">
         <kind>object</kind>
         <file>&lt;internal&gt;</file>
         <name>&lt;internal&gt;</name>
      </input_file>
      <input_file id="fl-ef">
         <path>/Applications/ti/ccsv7/tools/compiler/ti-cgt-arm_16.9.3.LTS/lib/</path>
         <kind>archive</kind>
         <file>rtsv7M4_T_le_v4SPD16_eabi.lib</file>
         <name>boot.obj</name>
      </input_file>
      <input_file id="fl-f0">
         <path>/Applications/ti/ccsv7/tools/compiler/ti-cgt-arm_16.9.3.LTS/lib/</path>
         <kind>archive</kind>
         <file>rtsv7M4_T_le_v4SPD16_eabi.lib</file>
         <name>copy_decompress_lzss.obj</name>
      </input_file>
      <input_file id="fl-f1">
         <path>/Applications/ti/ccsv7/tools/compiler/ti-cgt-arm_16.9.3.LTS/lib/</path>
         <kind>archive</kind>
         <file>rtsv7M4_T_le_v4SPD16_eabi.lib</file>
         <name>copy_decompress_none.obj</name>
      </input_file>
      <input_file id="fl-f2">
         <path>/Applications/ti/ccsv7/tools/compiler/ti-cgt-arm_16.9.3.LTS/lib/</path>
         <kind>archive</kind>
         <file>rtsv7M4_T_le_v4SPD16_eabi.lib</file>
         <name>copy_zero_init.obj</name>
      </input_file>
      <input_file id="fl-f3">
         <path>/Applications/ti/ccsv7/tools/compiler/ti-cgt-arm_16.9.3.LTS/lib/</path>
         <kind>archive</kind>
         <file>rtsv7M4_T_le_v4SPD16_eabi.lib</file>
         <name>e_sqrt.obj</name>
      </input_file>
      <input_file id="fl-f4">
         <path>/Applications/ti/ccsv7/tools/compiler/ti-cgt-arm_16.9.3.LTS/lib/</path>
         <kind>archive</kind>
         <file>rtsv7M4_T_le_v4SPD16_eabi.lib</file>
         <name>errno.obj</name>
      </input_file>
      <input_file id="fl-f5">
         <path>/Applications/ti/ccsv7/tools/compiler/ti-cgt-arm_16.9.3.LTS/lib/</path>
         <kind>archive</kind>
         <file>rtsv7M4_T_le_v4SPD16_eabi.lib</file>
         <name>exit.obj</name>
      </input_file>
      <input_file id="fl-f6">
         <path>/Applications/ti/ccsv7/tools/compiler/ti-cgt-arm_16.9.3.LTS/lib/</path>
         <kind>archive</kind>
         <file>rtsv7M4_T_le_v4SPD16_eabi.lib</file>
         <name>fd_add_t2.obj</name>
      </input_file>
      <input_file id="fl-f7">
         <path>/Applications/ti/ccsv7/tools/compiler/ti-cgt-arm_16.9.3.LTS/lib/</path>
         <kind>archive</kind>
         <file>rtsv7M4_T_le_v4SPD16_eabi.lib</file>
         <name>fd_cmp_t2.obj</name>
      </input_file>
      <input_file id="fl-f8">
         <path>/Applications/ti/ccsv7/tools/compiler/ti-cgt-arm_16.9.3.LTS/lib/</path>
         <kind>archive</kind>
         <file>rtsv7M4_T_le_v4SPD16_eabi.lib</file>
         <name>fd_div_t2.obj</name>
      </input_file>
      <input_file id="fl-f9">
         <path>/Applications/ti/ccsv7/tools/compiler/ti-cgt-arm_16.9.3.LTS/lib/</path>
         <kind>archive</kind>
         <file>rtsv7M4_T_le_v4SPD16_eabi.lib</file>
         <name>fd_mul_t2.obj</name>
      </input_file>
      <input_file id="fl-fa">
         <path>/Applications/ti/ccsv7/tools/compiler/ti-cgt-arm_16.9.3.LTS/lib/</path>
         <kind>archive</kind>
         <file>rtsv7M4_T_le_v4SPD16_eabi.lib</file>
         <name>fd_tos_t2.obj</name>
      </input_file>
      <input_file id="fl-fb">
         <path>/Applications/ti/ccsv7/tools/compiler/ti-cgt-arm_16.9.3.LTS/lib/</path>
         <kind>archive</kind>
         <file>rtsv7M4_T_le_v4SPD16_eabi.lib</file>
         <name>fs_tod_t2.obj</name>
      </input_file>
      <input_file id="fl-fc">
         <path>/Applications/ti/ccsv7/tools/compiler/ti-cgt-arm_16.9.3.LTS/lib/</path>
         <kind>archive</kind>
         <file>rtsv7M4_T_le_v4SPD16_eabi.lib</file>
         <name>memcpy_t2.obj</name>
      </input_file>
      <input_file id="fl-fd">
         <path>/Applications/ti/ccsv7/tools/compiler/ti-cgt-arm_16.9.3.LTS/lib/</path>
         <kind>archive</kind>
         <file>rtsv7M4_T_le_v4SPD16_eabi.lib</file>
         <name>memset_t2.obj</name>
      </input_file>
      <input_file id="fl-fe">
         <path>/Applications/ti/ccsv7/tools/compiler/ti-cgt-arm_16.9.3.LTS/lib/</path>
         <kind>archive</kind>
         <file>rtsv7M4_T_le_v4SPD16_eabi.lib</file>
         <name>mpu_init.obj</name>
      </input_file>
      <input_file id="fl-ff">
         <path>/Applications/ti/ccsv7/tools/compiler/ti-cgt-arm_16.9.3.LTS/lib/</path>
         <kind>archive</kind>
         <file>rtsv7M4_T_le_v4SPD16_eabi.lib</file>
         <name>pre_init.obj</name>
      </input_file>
      <input_file id="fl-100">
         <path>/Applications/ti/ccsv7/tools/compiler/ti-cgt-arm_16.9.3.LTS/lib/</path>
         <kind>archive</kind>
         <file>rtsv7M4_T_le_v4SPD16_eabi.lib</file>
         <name>printf.obj</name>
      </input_file>
      <input_file id="fl-101">
         <path>/Applications/ti/ccsv7/tools/compiler/ti-cgt-arm_16.9.3.LTS/lib/</path>
         <kind>archive</kind>
         <file>rtsv7M4_T_le_v4SPD16_eabi.lib</file>
         <name>rand.obj</name>
      </input_file>
      <input_file id="fl-102">
         <path>/Applications/ti/ccsv7/tools/compiler/ti-cgt-arm_16.9.3.LTS/lib/</path>
         <kind>archive</kind>
         <file>rtsv7M4_T_le_v4SPD16_eabi.lib</file>
         <name>stkdepth_vars.obj</name>
      </input_file>
      <input_file id="fl-103">
         <path>/Applications/ti/ccsv7/tools/compiler/ti-cgt-arm_16.9.3.LTS/lib/</path>
         <kind>archive</kind>
         <file>rtsv7M4_T_le_v4SPD16_eabi.lib</file>
         <name>time.obj</name>
      </input_file>
      <input_file id="fl-104">
         <path>/Applications/ti/ccsv7/tools/compiler/ti-cgt-arm_16.9.3.LTS/lib/</path>
         <kind>archive</kind>
         <file>rtsv7M4_T_le_v4SPD16_eabi.lib</file>
         <name>trgdrv.obj</name>
      </input_file>
      <input_file id="fl-105">
         <path>/Applications/ti/ccsv7/tools/compiler/ti-cgt-arm_16.9.3.LTS/lib/</path>
         <kind>archive</kind>
         <file>rtsv7M4_T_le_v4SPD16_eabi.lib</file>
         <name>trgmsg.obj</name>
      </input_file>
      <input_file id="fl-106">
         <path>/Applications/ti/ccsv7/tools/compiler/ti-cgt-arm_16.9.3.LTS/lib/</path>
         <kind>archive</kind>
         <file>rtsv7M4_T_le_v4SPD16_eabi.lib</file>
         <name>_lock.obj</name>
      </input_file>
      <input_file id="fl-107">
         <path>/Applications/ti/ccsv7/tools/compiler/ti-cgt-arm_16.9.3.LTS/lib/</path>
         <kind>archive</kind>
         <file>rtsv7M4_T_le_v4SPD16_eabi.lib</file>
         <name>_printfi.obj</name>
      </input_file>
      <input_file id="fl-108">
         <path>/Applications/ti/ccsv7/tools/compiler/ti-cgt-arm_16.9.3.LTS/lib/</path>
         <kind>archive</kind>
         <file>rtsv7M4_T_le_v4SPD16_eabi.lib</file>
         <name>args_main.obj</name>
      </input_file>
      <input_file id="fl-109">
         <path>/Applications/ti/ccsv7/tools/compiler/ti-cgt-arm_16.9.3.LTS/lib/</path>
         <kind>archive</kind>
         <file>rtsv7M4_T_le_v4SPD16_eabi.lib</file>
         <name>atoi.obj</name>
      </input_file>
      <input_file id="fl-10a">
         <path>/Applications/ti/ccsv7/tools/compiler/ti-cgt-arm_16.9.3.LTS/lib/</path>
         <kind>archive</kind>
         <file>rtsv7M4_T_le_v4SPD16_eabi.lib</file>
         <name>autoinit.obj</name>
      </input_file>
      <input_file id="fl-10b">
         <path>/Applications/ti/ccsv7/tools/compiler/ti-cgt-arm_16.9.3.LTS/lib/</path>
         <kind>archive</kind>
         <file>rtsv7M4_T_le_v4SPD16_eabi.lib</file>
         <name>cpy_tbl.obj</name>
      </input_file>
      <input_file id="fl-10c">
         <path>/Applications/ti/ccsv7/tools/compiler/ti-cgt-arm_16.9.3.LTS/lib/</path>
         <kind>archive</kind>
         <file>rtsv7M4_T_le_v4SPD16_eabi.lib</file>
         <name>ctype.obj</name>
      </input_file>
      <input_file id="fl-10d">
         <path>/Applications/ti/ccsv7/tools/compiler/ti-cgt-arm_16.9.3.LTS/lib/</path>
         <kind>archive</kind>
         <file>rtsv7M4_T_le_v4SPD16_eabi.lib</file>
         <name>defs.obj</name>
      </input_file>
      <input_file id="fl-10e">
         <path>/Applications/ti/ccsv7/tools/compiler/ti-cgt-arm_16.9.3.LTS/lib/</path>
         <kind>archive</kind>
         <file>rtsv7M4_T_le_v4SPD16_eabi.lib</file>
         <name>fd_toi_t2.obj</name>
      </input_file>
      <input_file id="fl-10f">
         <path>/Applications/ti/ccsv7/tools/compiler/ti-cgt-arm_16.9.3.LTS/lib/</path>
         <kind>archive</kind>
         <file>rtsv7M4_T_le_v4SPD16_eabi.lib</file>
         <name>fputc.obj</name>
      </input_file>
      <input_file id="fl-110">
         <path>/Applications/ti/ccsv7/tools/compiler/ti-cgt-arm_16.9.3.LTS/lib/</path>
         <kind>archive</kind>
         <file>rtsv7M4_T_le_v4SPD16_eabi.lib</file>
         <name>fputs.obj</name>
      </input_file>
      <input_file id="fl-111">
         <path>/Applications/ti/ccsv7/tools/compiler/ti-cgt-arm_16.9.3.LTS/lib/</path>
         <kind>archive</kind>
         <file>rtsv7M4_T_le_v4SPD16_eabi.lib</file>
         <name>i_tofd_t2.obj</name>
      </input_file>
      <input_file id="fl-112">
         <path>/Applications/ti/ccsv7/tools/compiler/ti-cgt-arm_16.9.3.LTS/lib/</path>
         <kind>archive</kind>
         <file>rtsv7M4_T_le_v4SPD16_eabi.lib</file>
         <name>lowlev.obj</name>
      </input_file>
      <input_file id="fl-113">
         <path>/Applications/ti/ccsv7/tools/compiler/ti-cgt-arm_16.9.3.LTS/lib/</path>
         <kind>archive</kind>
         <file>rtsv7M4_T_le_v4SPD16_eabi.lib</file>
         <name>ltoa.obj</name>
      </input_file>
      <input_file id="fl-114">
         <path>/Applications/ti/ccsv7/tools/compiler/ti-cgt-arm_16.9.3.LTS/lib/</path>
         <kind>archive</kind>
         <file>rtsv7M4_T_le_v4SPD16_eabi.lib</file>
         <name>memccpy.obj</name>
      </input_file>
      <input_file id="fl-115">
         <path>/Applications/ti/ccsv7/tools/compiler/ti-cgt-arm_16.9.3.LTS/lib/</path>
         <kind>archive</kind>
         <file>rtsv7M4_T_le_v4SPD16_eabi.lib</file>
         <name>memchr.obj</name>
      </input_file>
      <input_file id="fl-116">
         <path>/Applications/ti/ccsv7/tools/compiler/ti-cgt-arm_16.9.3.LTS/lib/</path>
         <kind>archive</kind>
         <file>rtsv7M4_T_le_v4SPD16_eabi.lib</file>
         <name>s_frexp.obj</name>
      </input_file>
      <input_file id="fl-117">
         <path>/Applications/ti/ccsv7/tools/compiler/ti-cgt-arm_16.9.3.LTS/lib/</path>
         <kind>archive</kind>
         <file>rtsv7M4_T_le_v4SPD16_eabi.lib</file>
         <name>s_scalbn.obj</name>
      </input_file>
      <input_file id="fl-118">
         <path>/Applications/ti/ccsv7/tools/compiler/ti-cgt-arm_16.9.3.LTS/lib/</path>
         <kind>archive</kind>
         <file>rtsv7M4_T_le_v4SPD16_eabi.lib</file>
         <name>startup.obj</name>
      </input_file>
      <input_file id="fl-119">
         <path>/Applications/ti/ccsv7/tools/compiler/ti-cgt-arm_16.9.3.LTS/lib/</path>
         <kind>archive</kind>
         <file>rtsv7M4_T_le_v4SPD16_eabi.lib</file>
         <name>strchr.obj</name>
      </input_file>
      <input_file id="fl-11a">
         <path>/Applications/ti/ccsv7/tools/compiler/ti-cgt-arm_16.9.3.LTS/lib/</path>
         <kind>archive</kind>
         <file>rtsv7M4_T_le_v4SPD16_eabi.lib</file>
         <name>strcmp.obj</name>
      </input_file>
      <input_file id="fl-11b">
         <path>/Applications/ti/ccsv7/tools/compiler/ti-cgt-arm_16.9.3.LTS/lib/</path>
         <kind>archive</kind>
         <file>rtsv7M4_T_le_v4SPD16_eabi.lib</file>
         <name>strcpy.obj</name>
      </input_file>
      <input_file id="fl-11c">
         <path>/Applications/ti/ccsv7/tools/compiler/ti-cgt-arm_16.9.3.LTS/lib/</path>
         <kind>archive</kind>
         <file>rtsv7M4_T_le_v4SPD16_eabi.lib</file>
         <name>strlen.obj</name>
      </input_file>
      <input_file id="fl-11d">
         <path>/Applications/ti/ccsv7/tools/compiler/ti-cgt-arm_16.9.3.LTS/lib/</path>
         <kind>archive</kind>
         <file>rtsv7M4_T_le_v4SPD16_eabi.lib</file>
         <name>strncpy.obj</name>
      </input_file>
      <input_file id="fl-11e">
         <path>/Applications/ti/ccsv7/tools/compiler/ti-cgt-arm_16.9.3.LTS/lib/</path>
         <kind>archive</kind>
         <file>rtsv7M4_T_le_v4SPD16_eabi.lib</file>
         <name>ull_div_t2.obj</name>
      </input_file>
      <input_file id="fl-11f">
         <path>/Applications/ti/ccsv7/tools/compiler/ti-cgt-arm_16.9.3.LTS/lib/</path>
         <kind>archive</kind>
         <file>rtsv7M4_T_le_v4SPD16_eabi.lib</file>
         <name>_io_perm.obj</name>
      </input_file>
      <input_file id="fl-120">
         <path>/Applications/ti/ccsv7/tools/compiler/ti-cgt-arm_16.9.3.LTS/lib/</path>
         <kind>archive</kind>
         <file>rtsv7M4_T_le_v4SPD16_eabi.lib</file>
         <name>fflush.obj</name>
      </input_file>
      <input_file id="fl-121">
         <path>/Applications/ti/ccsv7/tools/compiler/ti-cgt-arm_16.9.3.LTS/lib/</path>
         <kind>archive</kind>
         <file>rtsv7M4_T_le_v4SPD16_eabi.lib</file>
         <name>fseek.obj</name>
      </input_file>
      <input_file id="fl-122">
         <path>/Applications/ti/ccsv7/tools/compiler/ti-cgt-arm_16.9.3.LTS/lib/</path>
         <kind>archive</kind>
         <file>rtsv7M4_T_le_v4SPD16_eabi.lib</file>
         <name>s_copysign.obj</name>
      </input_file>
      <input_file id="fl-123">
         <path>/Applications/ti/ccsv7/tools/compiler/ti-cgt-arm_16.9.3.LTS/lib/</path>
         <kind>archive</kind>
         <file>rtsv7M4_T_le_v4SPD16_eabi.lib</file>
         <name>setvbuf.obj</name>
      </input_file>
      <input_file id="fl-124">
         <path>/Applications/ti/ccsv7/tools/compiler/ti-cgt-arm_16.9.3.LTS/lib/</path>
         <kind>archive</kind>
         <file>rtsv7M4_T_le_v4SPD16_eabi.lib</file>
         <name>fopen.obj</name>
      </input_file>
      <input_file id="fl-125">
         <path>/Applications/ti/ccsv7/tools/compiler/ti-cgt-arm_16.9.3.LTS/lib/</path>
         <kind>archive</kind>
         <file>rtsv7M4_T_le_v4SPD16_eabi.lib</file>
         <name>memory.obj</name>
      </input_file>
      <input_file id="fl-126">
         <path>/Applications/ti/ccsv7/tools/compiler/ti-cgt-arm_16.9.3.LTS/lib/</path>
         <kind>archive</kind>
         <file>rtsv7M4_T_le_v4SPD16_eabi.lib</file>
         <name>fclose.obj</name>
      </input_file>
      <input_file id="fl-127">
         <path>/Applications/ti/ccsv7/tools/compiler/ti-cgt-arm_16.9.3.LTS/lib/</path>
         <kind>archive</kind>
         <file>rtsv7M4_T_le_v4SPD16_eabi.lib</file>
         <name>remove.obj</name>
      </input_file>
   </input_file_list>
   <object_component_list>
      <object_component id="oc-2c">
         <name>.intvecs:retain</name>
         <load_address>0x0</load_address>
         <run_address>0x0</run_address>
         <size>0xe4</size>
         <input_file_ref idref="fl-7"/>
      </object_component>
      <object_component id="oc-248">
         <name>.text</name>
         <load_address>0xe4</load_address>
         <run_address>0xe4</run_address>
         <size>0x113e</size>
         <input_file_ref idref="fl-107"/>
      </object_component>
      <object_component id="oc-56">
         <name>.text</name>
         <load_address>0x1222</load_address>
         <run_address>0x1222</run_address>
         <size>0x2</size>
         <input_file_ref idref="fl-fe"/>
      </object_component>
      <object_component id="oc-1ca">
         <name>.text</name>
         <load_address>0x1224</load_address>
         <run_address>0x1224</run_address>
         <size>0xe08</size>
         <input_file_ref idref="fl-33"/>
      </object_component>
      <object_component id="oc-21f">
         <name>.text</name>
         <load_address>0x202c</load_address>
         <run_address>0x202c</run_address>
         <size>0xd7c</size>
         <input_file_ref idref="fl-f"/>
      </object_component>
      <object_component id="oc-271">
         <name>.text</name>
         <load_address>0x2da8</load_address>
         <run_address>0x2da8</run_address>
         <size>0xb8a</size>
         <input_file_ref idref="fl-2c"/>
      </object_component>
      <object_component id="oc-a9">
         <name>.text</name>
         <load_address>0x3932</load_address>
         <run_address>0x3932</run_address>
         <size>0x2</size>
         <input_file_ref idref="fl-118"/>
      </object_component>
      <object_component id="oc-17a">
         <name>.text</name>
         <load_address>0x3934</load_address>
         <run_address>0x3934</run_address>
         <size>0x7b4</size>
         <input_file_ref idref="fl-24"/>
      </object_component>
      <object_component id="oc-105">
         <name>.text</name>
         <load_address>0x40e8</load_address>
         <run_address>0x40e8</run_address>
         <size>0x7b0</size>
         <input_file_ref idref="fl-2"/>
      </object_component>
      <object_component id="oc-227">
         <name>.text</name>
         <load_address>0x4898</load_address>
         <run_address>0x4898</run_address>
         <size>0x7a8</size>
         <input_file_ref idref="fl-14"/>
      </object_component>
      <object_component id="oc-ff">
         <name>.text</name>
         <load_address>0x5040</load_address>
         <run_address>0x5040</run_address>
         <size>0x6b0</size>
         <input_file_ref idref="fl-9"/>
      </object_component>
      <object_component id="oc-1a1">
         <name>.text</name>
         <load_address>0x56f0</load_address>
         <run_address>0x56f0</run_address>
         <size>0x672</size>
         <input_file_ref idref="fl-34"/>
      </object_component>
      <object_component id="oc-26b">
         <name>.text</name>
         <load_address>0x5d62</load_address>
         <run_address>0x5d62</run_address>
         <size>0x646</size>
         <input_file_ref idref="fl-2b"/>
      </object_component>
      <object_component id="oc-289">
         <name>.text</name>
         <load_address>0x63a8</load_address>
         <run_address>0x63a8</run_address>
         <size>0x534</size>
         <input_file_ref idref="fl-30"/>
      </object_component>
      <object_component id="oc-cb">
         <name>.text</name>
         <load_address>0x68dc</load_address>
         <run_address>0x68dc</run_address>
         <size>0x480</size>
         <input_file_ref idref="fl-13"/>
      </object_component>
      <object_component id="oc-28f">
         <name>.text</name>
         <load_address>0x6d5c</load_address>
         <run_address>0x6d5c</run_address>
         <size>0x404</size>
         <input_file_ref idref="fl-31"/>
      </object_component>
      <object_component id="oc-139">
         <name>.text</name>
         <load_address>0x7160</load_address>
         <run_address>0x7160</run_address>
         <size>0x3f0</size>
         <input_file_ref idref="fl-15"/>
      </object_component>
      <object_component id="oc-b1">
         <name>.text</name>
         <load_address>0x7550</load_address>
         <run_address>0x7550</run_address>
         <size>0x3f0</size>
         <input_file_ref idref="fl-6"/>
      </object_component>
      <object_component id="oc-4a3">
         <name>.text</name>
         <load_address>0x7940</load_address>
         <run_address>0x7940</run_address>
         <size>0x3d0</size>
         <input_file_ref idref="fl-125"/>
      </object_component>
      <object_component id="oc-277">
         <name>.text</name>
         <load_address>0x7d10</load_address>
         <run_address>0x7d10</run_address>
         <size>0x3b8</size>
         <input_file_ref idref="fl-2d"/>
      </object_component>
      <object_component id="oc-283">
         <name>.text</name>
         <load_address>0x80c8</load_address>
         <run_address>0x80c8</run_address>
         <size>0x384</size>
         <input_file_ref idref="fl-2f"/>
      </object_component>
      <object_component id="oc-c4">
         <name>.text</name>
         <load_address>0x844c</load_address>
         <run_address>0x844c</run_address>
         <size>0x32c</size>
         <input_file_ref idref="fl-8"/>
      </object_component>
      <object_component id="oc-2a9">
         <name>.text</name>
         <load_address>0x8778</load_address>
         <run_address>0x8778</run_address>
         <size>0x324</size>
         <input_file_ref idref="fl-104"/>
      </object_component>
      <object_component id="oc-337">
         <name>.text</name>
         <load_address>0x8a9c</load_address>
         <run_address>0x8a9c</run_address>
         <size>0x30c</size>
         <input_file_ref idref="fl-112"/>
      </object_component>
      <object_component id="oc-27d">
         <name>.text</name>
         <load_address>0x8da8</load_address>
         <run_address>0x8da8</run_address>
         <size>0x2e6</size>
         <input_file_ref idref="fl-2e"/>
      </object_component>
      <object_component id="oc-217">
         <name>.text</name>
         <load_address>0x9090</load_address>
         <run_address>0x9090</run_address>
         <size>0x244</size>
         <input_file_ref idref="fl-1e"/>
      </object_component>
      <object_component id="oc-7e">
         <name>.text</name>
         <load_address>0x92d4</load_address>
         <run_address>0x92d4</run_address>
         <size>0x230</size>
         <input_file_ref idref="fl-35"/>
      </object_component>
      <object_component id="oc-34d">
         <name>.text</name>
         <load_address>0x9504</load_address>
         <run_address>0x9504</run_address>
         <size>0x1f4</size>
         <input_file_ref idref="fl-11e"/>
      </object_component>
      <object_component id="oc-4a9">
         <name>.text</name>
         <load_address>0x96f8</load_address>
         <run_address>0x96f8</run_address>
         <size>0x1c4</size>
         <input_file_ref idref="fl-124"/>
      </object_component>
      <object_component id="oc-10b">
         <name>.text</name>
         <load_address>0x98bc</load_address>
         <run_address>0x98bc</run_address>
         <size>0x1c0</size>
         <input_file_ref idref="fl-28"/>
      </object_component>
      <object_component id="oc-36c">
         <name>.text</name>
         <load_address>0x9a7c</load_address>
         <run_address>0x9a7c</run_address>
         <size>0x1b6</size>
         <input_file_ref idref="fl-f6"/>
      </object_component>
      <object_component id="oc-230">
         <name>.text</name>
         <load_address>0x9c34</load_address>
         <run_address>0x9c34</run_address>
         <size>0x1ac</size>
         <input_file_ref idref="fl-25"/>
      </object_component>
      <object_component id="oc-312">
         <name>.text</name>
         <load_address>0x9de0</load_address>
         <run_address>0x9de0</run_address>
         <size>0x170</size>
         <input_file_ref idref="fl-f3"/>
      </object_component>
      <object_component id="oc-16e">
         <name>.text</name>
         <load_address>0x9f50</load_address>
         <run_address>0x9f50</run_address>
         <size>0x14c</size>
         <input_file_ref idref="fl-5"/>
      </object_component>
      <object_component id="oc-19c">
         <name>.text</name>
         <load_address>0xa09c</load_address>
         <run_address>0xa09c</run_address>
         <size>0x136</size>
         <input_file_ref idref="fl-f8"/>
      </object_component>
      <object_component id="oc-d1">
         <name>.text</name>
         <load_address>0xa1d4</load_address>
         <run_address>0xa1d4</run_address>
         <size>0x134</size>
         <input_file_ref idref="fl-4"/>
      </object_component>
      <object_component id="oc-242">
         <name>.text</name>
         <load_address>0xa308</load_address>
         <run_address>0xa308</run_address>
         <size>0x134</size>
         <input_file_ref idref="fl-110"/>
      </object_component>
      <object_component id="oc-1a7">
         <name>.text</name>
         <load_address>0xa43c</load_address>
         <run_address>0xa43c</run_address>
         <size>0x11c</size>
         <input_file_ref idref="fl-2a"/>
      </object_component>
      <object_component id="oc-197">
         <name>.text</name>
         <load_address>0xa558</load_address>
         <run_address>0xa558</run_address>
         <size>0xfc</size>
         <input_file_ref idref="fl-f9"/>
      </object_component>
      <object_component id="oc-377">
         <name>.text</name>
         <load_address>0xa654</load_address>
         <run_address>0xa654</run_address>
         <size>0xfc</size>
         <input_file_ref idref="fl-117"/>
      </object_component>
      <object_component id="oc-432">
         <name>.text</name>
         <load_address>0xa750</load_address>
         <run_address>0xa750</run_address>
         <size>0xdc</size>
         <input_file_ref idref="fl-123"/>
      </object_component>
      <object_component id="oc-168">
         <name>.text</name>
         <load_address>0xa82c</load_address>
         <run_address>0xa82c</run_address>
         <size>0xd8</size>
         <input_file_ref idref="fl-23"/>
      </object_component>
      <object_component id="oc-331">
         <name>.text</name>
         <load_address>0xa904</load_address>
         <run_address>0xa904</run_address>
         <size>0xc8</size>
         <input_file_ref idref="fl-120"/>
      </object_component>
      <object_component id="oc-180">
         <name>.text</name>
         <load_address>0xa9cc</load_address>
         <run_address>0xa9cc</run_address>
         <size>0xb0</size>
         <input_file_ref idref="fl-27"/>
      </object_component>
      <object_component id="oc-32b">
         <name>.text</name>
         <load_address>0xaa7c</load_address>
         <run_address>0xaa7c</run_address>
         <size>0xac</size>
         <input_file_ref idref="fl-11f"/>
      </object_component>
      <object_component id="oc-3e">
         <name>.text</name>
         <load_address>0xab28</load_address>
         <run_address>0xab28</run_address>
         <size>0x9c</size>
         <input_file_ref idref="fl-fc"/>
      </object_component>
      <object_component id="oc-4e9">
         <name>.text</name>
         <load_address>0xabc4</load_address>
         <run_address>0xabc4</run_address>
         <size>0x98</size>
         <input_file_ref idref="fl-126"/>
      </object_component>
      <object_component id="oc-23c">
         <name>.text</name>
         <load_address>0xac5c</load_address>
         <run_address>0xac5c</run_address>
         <size>0x98</size>
         <input_file_ref idref="fl-10f"/>
      </object_component>
      <object_component id="oc-352">
         <name>.text:__aeabi_cdcmple</name>
         <load_address>0xacf4</load_address>
         <run_address>0xacf4</run_address>
         <size>0x86</size>
         <input_file_ref idref="fl-f7"/>
      </object_component>
      <object_component id="oc-357">
         <name>.text:__aeabi_cdrcmple</name>
         <load_address>0xad7a</load_address>
         <run_address>0xad7a</run_address>
         <size>0x86</size>
         <input_file_ref idref="fl-f7"/>
      </object_component>
      <object_component id="oc-4a">
         <name>.text</name>
         <load_address>0xae00</load_address>
         <run_address>0xae00</run_address>
         <size>0x7a</size>
         <input_file_ref idref="fl-fd"/>
      </object_component>
      <object_component id="oc-18c">
         <name>.text</name>
         <load_address>0xae7c</load_address>
         <run_address>0xae7c</run_address>
         <size>0x72</size>
         <input_file_ref idref="fl-32"/>
      </object_component>
      <object_component id="oc-62">
         <name>.text</name>
         <load_address>0xaef0</load_address>
         <run_address>0xaef0</run_address>
         <size>0x70</size>
         <input_file_ref idref="fl-10a"/>
      </object_component>
      <object_component id="oc-186">
         <name>.text</name>
         <load_address>0xaf60</load_address>
         <run_address>0xaf60</run_address>
         <size>0x70</size>
         <input_file_ref idref="fl-100"/>
      </object_component>
      <object_component id="oc-318">
         <name>.text</name>
         <load_address>0xafd0</load_address>
         <run_address>0xafd0</run_address>
         <size>0x6e</size>
         <input_file_ref idref="fl-fa"/>
      </object_component>
      <object_component id="oc-14">
         <name>.text:decompress:lzss</name>
         <load_address>0xb03e</load_address>
         <run_address>0xb03e</run_address>
         <size>0x68</size>
         <input_file_ref idref="fl-f0"/>
      </object_component>
      <object_component id="oc-3c8">
         <name>.text</name>
         <load_address>0xb0a8</load_address>
         <run_address>0xb0a8</run_address>
         <size>0x68</size>
         <input_file_ref idref="fl-105"/>
      </object_component>
      <object_component id="oc-42c">
         <name>.text</name>
         <load_address>0xb110</load_address>
         <run_address>0xb110</run_address>
         <size>0x64</size>
         <input_file_ref idref="fl-121"/>
      </object_component>
      <object_component id="oc-371">
         <name>.text</name>
         <load_address>0xb174</load_address>
         <run_address>0xb174</run_address>
         <size>0x64</size>
         <input_file_ref idref="fl-116"/>
      </object_component>
      <object_component id="oc-174">
         <name>.text</name>
         <load_address>0xb1d8</load_address>
         <run_address>0xb1d8</run_address>
         <size>0x58</size>
         <input_file_ref idref="fl-3"/>
      </object_component>
      <object_component id="oc-26">
         <name>.text</name>
         <load_address>0xb230</load_address>
         <run_address>0xb230</run_address>
         <size>0x54</size>
         <input_file_ref idref="fl-ef"/>
      </object_component>
      <object_component id="oc-6e">
         <name>.text</name>
         <load_address>0xb284</load_address>
         <run_address>0xb284</run_address>
         <size>0x54</size>
         <input_file_ref idref="fl-f5"/>
      </object_component>
      <object_component id="oc-361">
         <name>.text</name>
         <load_address>0xb2d8</load_address>
         <run_address>0xb2d8</run_address>
         <size>0x54</size>
         <input_file_ref idref="fl-113"/>
      </object_component>
      <object_component id="oc-383">
         <name>.text</name>
         <load_address>0xb32c</load_address>
         <run_address>0xb32c</run_address>
         <size>0x4c</size>
         <input_file_ref idref="fl-109"/>
      </object_component>
      <object_component id="oc-a3">
         <name>.text</name>
         <load_address>0xb378</load_address>
         <run_address>0xb378</run_address>
         <size>0x4c</size>
         <input_file_ref idref="fl-10b"/>
      </object_component>
      <object_component id="oc-1c4">
         <name>.text</name>
         <load_address>0xb3c4</load_address>
         <run_address>0xb3c4</run_address>
         <size>0x4c</size>
         <input_file_ref idref="fl-101"/>
      </object_component>
      <object_component id="oc-35c">
         <name>.text</name>
         <load_address>0xb410</load_address>
         <run_address>0xb410</run_address>
         <size>0x48</size>
         <input_file_ref idref="fl-10e"/>
      </object_component>
      <object_component id="oc-1de">
         <name>.text</name>
         <load_address>0xb458</load_address>
         <run_address>0xb458</run_address>
         <size>0x3e</size>
         <input_file_ref idref="fl-d"/>
      </object_component>
      <object_component id="oc-192">
         <name>.text</name>
         <load_address>0xb496</load_address>
         <run_address>0xb496</run_address>
         <size>0x38</size>
         <input_file_ref idref="fl-fb"/>
      </object_component>
      <object_component id="oc-445">
         <name>.text</name>
         <load_address>0xb4ce</load_address>
         <run_address>0xb4ce</run_address>
         <size>0x36</size>
         <input_file_ref idref="fl-11d"/>
      </object_component>
      <object_component id="oc-367">
         <name>.text</name>
         <load_address>0xb504</load_address>
         <run_address>0xb504</run_address>
         <size>0x2e</size>
         <input_file_ref idref="fl-111"/>
      </object_component>
      <object_component id="oc-345">
         <name>.text</name>
         <load_address>0xb532</load_address>
         <run_address>0xb532</run_address>
         <size>0x20</size>
         <input_file_ref idref="fl-115"/>
      </object_component>
      <object_component id="oc-389">
         <name>.text</name>
         <load_address>0xb552</load_address>
         <run_address>0xb552</run_address>
         <size>0x1c</size>
         <input_file_ref idref="fl-114"/>
      </object_component>
      <object_component id="oc-68">
         <name>.text</name>
         <load_address>0xb570</load_address>
         <run_address>0xb570</run_address>
         <size>0x18</size>
         <input_file_ref idref="fl-108"/>
      </object_component>
      <object_component id="oc-43f">
         <name>.text</name>
         <load_address>0xb588</load_address>
         <run_address>0xb588</run_address>
         <size>0x18</size>
         <input_file_ref idref="fl-11a"/>
      </object_component>
      <object_component id="oc-37d">
         <name>.text</name>
         <load_address>0xb5a0</load_address>
         <run_address>0xb5a0</run_address>
         <size>0x16</size>
         <input_file_ref idref="fl-119"/>
      </object_component>
      <object_component id="oc-121">
         <name>.text</name>
         <load_address>0xb5b8</load_address>
         <run_address>0xb5b8</run_address>
         <size>0x14</size>
         <input_file_ref idref="fl-106"/>
      </object_component>
      <object_component id="oc-468">
         <name>.text</name>
         <load_address>0xb5cc</load_address>
         <run_address>0xb5cc</run_address>
         <size>0x14</size>
         <input_file_ref idref="fl-122"/>
      </object_component>
      <object_component id="oc-3ce">
         <name>.text</name>
         <load_address>0xb5e0</load_address>
         <run_address>0xb5e0</run_address>
         <size>0x14</size>
         <input_file_ref idref="fl-11b"/>
      </object_component>
      <object_component id="oc-33f">
         <name>.text</name>
         <load_address>0xb5f4</load_address>
         <run_address>0xb5f4</run_address>
         <size>0x14</size>
         <input_file_ref idref="fl-11c"/>
      </object_component>
      <object_component id="oc-1a">
         <name>.text:decompress:none</name>
         <load_address>0xb608</load_address>
         <run_address>0xb608</run_address>
         <size>0xe</size>
         <input_file_ref idref="fl-f1"/>
      </object_component>
      <object_component id="oc-1be">
         <name>.text</name>
         <load_address>0xb616</load_address>
         <run_address>0xb616</run_address>
         <size>0xe</size>
         <input_file_ref idref="fl-103"/>
      </object_component>
      <object_component id="oc-78">
         <name>.text</name>
         <load_address>0xb624</load_address>
         <run_address>0xb624</run_address>
         <size>0xe</size>
         <input_file_ref idref="fl-7"/>
      </object_component>
      <object_component id="oc-20">
         <name>.text:decompress:ZI</name>
         <load_address>0xb632</load_address>
         <run_address>0xb632</run_address>
         <size>0xc</size>
         <input_file_ref idref="fl-f2"/>
      </object_component>
      <object_component id="oc-5c">
         <name>.text</name>
         <load_address>0xb63e</load_address>
         <run_address>0xb63e</run_address>
         <size>0x4</size>
         <input_file_ref idref="fl-ff"/>
      </object_component>
      <object_component id="oc-2df">
         <name>.const:$P$T12$13</name>
         <load_address>0xb644</load_address>
         <run_address>0xb644</run_address>
         <size>0x360</size>
         <input_file_ref idref="fl-33"/>
      </object_component>
      <object_component id="oc-2e2">
         <name>.const:$P$T13$14</name>
         <load_address>0xb9a4</load_address>
         <run_address>0xb9a4</run_address>
         <size>0x360</size>
         <input_file_ref idref="fl-33"/>
      </object_component>
      <object_component id="oc-2e5">
         <name>.const:$P$T14$15</name>
         <load_address>0xbd04</load_address>
         <run_address>0xbd04</run_address>
         <size>0x360</size>
         <input_file_ref idref="fl-33"/>
      </object_component>
      <object_component id="oc-2bb">
         <name>.const:$P$T0$1</name>
         <load_address>0xc064</load_address>
         <run_address>0xc064</run_address>
         <size>0x140</size>
         <input_file_ref idref="fl-33"/>
      </object_component>
      <object_component id="oc-2be">
         <name>.const:$P$T1$2</name>
         <load_address>0xc1a4</load_address>
         <run_address>0xc1a4</run_address>
         <size>0x140</size>
         <input_file_ref idref="fl-33"/>
      </object_component>
      <object_component id="oc-2d9">
         <name>.const:$P$T10$11</name>
         <load_address>0xc2e4</load_address>
         <run_address>0xc2e4</run_address>
         <size>0x140</size>
         <input_file_ref idref="fl-33"/>
      </object_component>
      <object_component id="oc-2dc">
         <name>.const:$P$T11$12</name>
         <load_address>0xc424</load_address>
         <run_address>0xc424</run_address>
         <size>0x140</size>
         <input_file_ref idref="fl-33"/>
      </object_component>
      <object_component id="oc-2c1">
         <name>.const:$P$T2$3</name>
         <load_address>0xc564</load_address>
         <run_address>0xc564</run_address>
         <size>0x140</size>
         <input_file_ref idref="fl-33"/>
      </object_component>
      <object_component id="oc-2c4">
         <name>.const:$P$T3$4</name>
         <load_address>0xc6a4</load_address>
         <run_address>0xc6a4</run_address>
         <size>0x140</size>
         <input_file_ref idref="fl-33"/>
      </object_component>
      <object_component id="oc-2c7">
         <name>.const:$P$T4$5</name>
         <load_address>0xc7e4</load_address>
         <run_address>0xc7e4</run_address>
         <size>0x140</size>
         <input_file_ref idref="fl-33"/>
      </object_component>
      <object_component id="oc-2ca">
         <name>.const:$P$T5$6</name>
         <load_address>0xc924</load_address>
         <run_address>0xc924</run_address>
         <size>0x140</size>
         <input_file_ref idref="fl-33"/>
      </object_component>
      <object_component id="oc-2cd">
         <name>.const:$P$T6$7</name>
         <load_address>0xca64</load_address>
         <run_address>0xca64</run_address>
         <size>0x140</size>
         <input_file_ref idref="fl-33"/>
      </object_component>
      <object_component id="oc-2d0">
         <name>.const:$P$T7$8</name>
         <load_address>0xcba4</load_address>
         <run_address>0xcba4</run_address>
         <size>0x140</size>
         <input_file_ref idref="fl-33"/>
      </object_component>
      <object_component id="oc-2d3">
         <name>.const:$P$T8$9</name>
         <load_address>0xcce4</load_address>
         <run_address>0xcce4</run_address>
         <size>0x140</size>
         <input_file_ref idref="fl-33"/>
      </object_component>
      <object_component id="oc-2d6">
         <name>.const:$P$T9$10</name>
         <load_address>0xce24</load_address>
         <run_address>0xce24</run_address>
         <size>0x140</size>
         <input_file_ref idref="fl-33"/>
      </object_component>
      <object_component id="oc-472">
         <name>.const:.string:_ctypes_</name>
         <load_address>0xcf64</load_address>
         <run_address>0xcf64</run_address>
         <size>0x101</size>
         <input_file_ref idref="fl-10c"/>
      </object_component>
      <object_component id="oc-260">
         <name>.const:$P$T1$2</name>
         <load_address>0xd068</load_address>
         <run_address>0xd068</run_address>
         <size>0xc0</size>
         <input_file_ref idref="fl-34"/>
      </object_component>
      <object_component id="oc-266">
         <name>.const:$P$T3$4</name>
         <load_address>0xd128</load_address>
         <run_address>0xd128</run_address>
         <size>0xc0</size>
         <input_file_ref idref="fl-34"/>
      </object_component>
      <object_component id="oc-25d">
         <name>.const:$P$T0$1</name>
         <load_address>0xd1e8</load_address>
         <run_address>0xd1e8</run_address>
         <size>0x60</size>
         <input_file_ref idref="fl-34"/>
      </object_component>
      <object_component id="oc-263">
         <name>.const:$P$T2$3</name>
         <load_address>0xd248</load_address>
         <run_address>0xd248</run_address>
         <size>0x60</size>
         <input_file_ref idref="fl-34"/>
      </object_component>
      <object_component id="oc-1ea">
         <name>.const:g_pulRegs</name>
         <load_address>0xd2a8</load_address>
         <run_address>0xd2a8</run_address>
         <size>0x50</size>
         <input_file_ref idref="fl-15"/>
      </object_component>
      <object_component id="oc-1e7">
         <name>.const:g_pulPriority</name>
         <load_address>0xd2f8</load_address>
         <run_address>0xd2f8</run_address>
         <size>0x20</size>
         <input_file_ref idref="fl-15"/>
      </object_component>
      <object_component id="oc-13f">
         <name>.const:GPIO_PORT_TO_INT</name>
         <load_address>0xd318</load_address>
         <run_address>0xd318</run_address>
         <size>0x1c</size>
         <input_file_ref idref="fl-13"/>
      </object_component>
      <object_component id="oc-1ba">
         <name>.const:$P$T0$1</name>
         <load_address>0xd334</load_address>
         <run_address>0xd334</run_address>
         <size>0x18</size>
         <input_file_ref idref="fl-2"/>
      </object_component>
      <object_component id="oc-236">
         <name>.const:$P$T0$1</name>
         <load_address>0xd34c</load_address>
         <run_address>0xd34c</run_address>
         <size>0xc</size>
         <input_file_ref idref="fl-24"/>
      </object_component>
      <object_component id="oc-1f0">
         <name>.const:g_pulDisRegs</name>
         <load_address>0xd358</load_address>
         <run_address>0xd358</run_address>
         <size>0x8</size>
         <input_file_ref idref="fl-15"/>
      </object_component>
      <object_component id="oc-1ed">
         <name>.const:g_pulEnRegs</name>
         <load_address>0xd360</load_address>
         <run_address>0xd360</run_address>
         <size>0x8</size>
         <input_file_ref idref="fl-15"/>
      </object_component>
      <object_component id="oc-1f3">
         <name>.const:g_pulPendRegs</name>
         <load_address>0xd368</load_address>
         <run_address>0xd368</run_address>
         <size>0x8</size>
         <input_file_ref idref="fl-15"/>
      </object_component>
      <object_component id="oc-1f6">
         <name>.const:g_pulUnpendRegs</name>
         <load_address>0xd370</load_address>
         <run_address>0xd370</run_address>
         <size>0x8</size>
         <input_file_ref idref="fl-15"/>
      </object_component>
      <object_component id="oc-52b">
         <name>.cinit..data.load</name>
         <load_address>0xd378</load_address>
         <run_address>0xd378</run_address>
         <size>0x1b1</size>
      </object_component>
      <object_component id="oc-528">
         <name>__TI_handler_table</name>
         <load_address>0xd52c</load_address>
         <run_address>0xd52c</run_address>
         <size>0xc</size>
      </object_component>
      <object_component id="oc-52c">
         <name>.cinit..bss.load</name>
         <load_address>0xd538</load_address>
         <run_address>0xd538</run_address>
         <size>0x8</size>
      </object_component>
      <object_component id="oc-52a">
         <name>.cinit..vtable.load</name>
         <load_address>0xd540</load_address>
         <run_address>0xd540</run_address>
         <size>0x8</size>
      </object_component>
      <object_component id="oc-529">
         <name>__TI_cinit_table</name>
         <load_address>0xd548</load_address>
         <run_address>0xd548</run_address>
         <size>0x18</size>
      </object_component>
      <object_component id="oc-505">
         <name>.binit</name>
         <load_address>0x0</load_address>
         <run_address>0x0</run_address>
         <size>0x0</size>
      </object_component>
      <object_component id="oc-1e4">
         <name>.vtable</name>
         <uninitialized>true</uninitialized>
         <run_address>0x20000000</run_address>
         <size>0xe4</size>
         <input_file_ref idref="fl-15"/>
      </object_component>
      <object_component id="oc-1b4">
         <name>.data</name>
         <load_address>0x200006d0</load_address>
         <run_address>0x200006d0</run_address>
         <size>0xc</size>
         <input_file_ref idref="fl-2"/>
      </object_component>
      <object_component id="oc-156">
         <name>.data:carterState</name>
         <load_address>0x2000067c</load_address>
         <run_address>0x2000067c</run_address>
         <size>0x18</size>
         <input_file_ref idref="fl-4"/>
      </object_component>
      <object_component id="oc-144">
         <name>.data:stpr1</name>
         <load_address>0x200006e4</load_address>
         <run_address>0x200006e4</run_address>
         <size>0x8</size>
         <input_file_ref idref="fl-4"/>
      </object_component>
      <object_component id="oc-147">
         <name>.data:stpr2</name>
         <load_address>0x200006ec</load_address>
         <run_address>0x200006ec</run_address>
         <size>0x8</size>
         <input_file_ref idref="fl-4"/>
      </object_component>
      <object_component id="oc-14a">
         <name>.data:stpr3</name>
         <load_address>0x200006f4</load_address>
         <run_address>0x200006f4</run_address>
         <size>0x8</size>
         <input_file_ref idref="fl-4"/>
      </object_component>
      <object_component id="oc-14d">
         <name>.data:stpr4</name>
         <load_address>0x200006fc</load_address>
         <run_address>0x200006fc</run_address>
         <size>0x8</size>
         <input_file_ref idref="fl-4"/>
      </object_component>
      <object_component id="oc-150">
         <name>.data:stpr5</name>
         <load_address>0x20000704</load_address>
         <run_address>0x20000704</run_address>
         <size>0x8</size>
         <input_file_ref idref="fl-4"/>
      </object_component>
      <object_component id="oc-153">
         <name>.data:stpr6</name>
         <load_address>0x2000070c</load_address>
         <run_address>0x2000070c</run_address>
         <size>0x8</size>
         <input_file_ref idref="fl-4"/>
      </object_component>
      <object_component id="oc-d7">
         <name>.data</name>
         <load_address>0x20000714</load_address>
         <run_address>0x20000714</run_address>
         <size>0x4</size>
         <input_file_ref idref="fl-4"/>
      </object_component>
      <object_component id="oc-111">
         <name>.data:cube</name>
         <load_address>0x200000e4</load_address>
         <run_address>0x200000e4</run_address>
         <size>0x1b0</size>
         <input_file_ref idref="fl-6"/>
      </object_component>
      <object_component id="oc-114">
         <name>.data:cubeFromSight</name>
         <load_address>0x20000294</load_address>
         <run_address>0x20000294</run_address>
         <size>0x1b0</size>
         <input_file_ref idref="fl-6"/>
      </object_component>
      <object_component id="oc-12d">
         <name>.data</name>
         <load_address>0x20000728</load_address>
         <run_address>0x20000728</run_address>
         <size>0x4</size>
         <input_file_ref idref="fl-8"/>
      </object_component>
      <object_component id="oc-136">
         <name>.data:GPIO_PORT_TO_BASE</name>
         <load_address>0x2000064c</load_address>
         <run_address>0x2000064c</run_address>
         <size>0x30</size>
         <input_file_ref idref="fl-13"/>
      </object_component>
      <object_component id="oc-22d">
         <name>.data:i2cConfig</name>
         <load_address>0x20000694</load_address>
         <run_address>0x20000694</run_address>
         <size>0x14</size>
         <input_file_ref idref="fl-24"/>
      </object_component>
      <object_component id="oc-31d">
         <name>.data:aveRGB</name>
         <load_address>0x20000604</load_address>
         <run_address>0x20000604</run_address>
         <size>0x48</size>
         <input_file_ref idref="fl-25"/>
      </object_component>
      <object_component id="oc-41d">
         <name>.data</name>
         <load_address>0x20000718</load_address>
         <run_address>0x20000718</run_address>
         <size>0x4</size>
         <input_file_ref idref="fl-f4"/>
      </object_component>
      <object_component id="oc-b9">
         <name>.data:$O1$$</name>
         <load_address>0x200006b8</load_address>
         <run_address>0x200006b8</run_address>
         <size>0xc</size>
         <input_file_ref idref="fl-f5"/>
      </object_component>
      <object_component id="oc-2b6">
         <name>.data</name>
         <load_address>0x20000720</load_address>
         <run_address>0x20000720</run_address>
         <size>0x4</size>
         <input_file_ref idref="fl-101"/>
      </object_component>
      <object_component id="oc-74">
         <name>.data</name>
         <load_address>0x20000724</load_address>
         <run_address>0x20000724</run_address>
         <size>0x4</size>
         <input_file_ref idref="fl-102"/>
      </object_component>
      <object_component id="oc-bc">
         <name>.data:$O1$$</name>
         <load_address>0x200006dc</load_address>
         <run_address>0x200006dc</run_address>
         <size>0x8</size>
         <input_file_ref idref="fl-106"/>
      </object_component>
      <object_component id="oc-24e">
         <name>.data:_ftable</name>
         <load_address>0x20000444</load_address>
         <run_address>0x20000444</run_address>
         <size>0xf0</size>
         <input_file_ref idref="fl-10d"/>
      </object_component>
      <object_component id="oc-43a">
         <name>.data</name>
         <load_address>0x200006a8</load_address>
         <run_address>0x200006a8</run_address>
         <size>0x10</size>
         <input_file_ref idref="fl-10d"/>
      </object_component>
      <object_component id="oc-44b">
         <name>.data:$O1$$</name>
         <load_address>0x20000534</load_address>
         <run_address>0x20000534</run_address>
         <size>0xd0</size>
         <input_file_ref idref="fl-112"/>
      </object_component>
      <object_component id="oc-4ef">
         <name>.data</name>
         <load_address>0x2000071c</load_address>
         <run_address>0x2000071c</run_address>
         <size>0x4</size>
         <input_file_ref idref="fl-124"/>
      </object_component>
      <object_component id="oc-4e5">
         <name>.data:$O1$$</name>
         <load_address>0x200006c4</load_address>
         <run_address>0x200006c4</run_address>
         <size>0xc</size>
         <input_file_ref idref="fl-125"/>
      </object_component>
      <object_component id="oc-309">
         <name>.bss</name>
         <uninitialized>true</uninitialized>
         <run_address>0x20000b44</run_address>
         <size>0x8</size>
         <input_file_ref idref="fl-f"/>
      </object_component>
      <object_component id="oc-3d4">
         <name>.bss:parmbuf</name>
         <uninitialized>true</uninitialized>
         <run_address>0x20000b4c</run_address>
         <size>0x8</size>
         <input_file_ref idref="fl-104"/>
      </object_component>
      <object_component id="oc-492">
         <name>.bss:_CIOBUF_</name>
         <uninitialized>true</uninitialized>
         <run_address>0x20000984</run_address>
         <size>0x120</size>
         <input_file_ref idref="fl-105"/>
      </object_component>
      <object_component id="oc-1b7">
         <name>.common:combination</name>
         <uninitialized>true</uninitialized>
         <run_address>0x2000072c</run_address>
         <size>0x258</size>
      </object_component>
      <object_component id="oc-4fc">
         <name>.common:__TI_tmpnams</name>
         <uninitialized>true</uninitialized>
         <run_address>0x20000aa4</run_address>
         <size>0xa0</size>
      </object_component>
      <object_component id="oc-30">
         <name>.sysmem</name>
         <uninitialized>true</uninitialized>
         <run_address>0x20000b58</run_address>
         <size>0x8</size>
         <input_file_ref idref="fl-125"/>
      </object_component>
      <object_component id="oc-52e">
         <name>.sysmem</name>
         <uninitialized>true</uninitialized>
         <run_address>0x20000b58</run_address>
         <size>0x0</size>
      </object_component>
      <object_component id="oc-2f">
         <name>.stack</name>
         <uninitialized>true</uninitialized>
         <run_address>0x2000fe00</run_address>
         <size>0x0</size>
         <input_file_ref idref="fl-ef"/>
      </object_component>
      <object_component id="oc-52d">
         <name>.stack</name>
         <uninitialized>true</uninitialized>
         <run_address>0x2000fe00</run_address>
         <size>0x0</size>
      </object_component>
      <object_component id="oc-1b8">
         <name>.debug_info</name>
         <load_address>0x0</load_address>
         <run_address>0x0</run_address>
         <size>0x691</size>
         <input_file_ref idref="fl-2"/>
      </object_component>
      <object_component id="oc-1b5">
         <name>.debug_info</name>
         <load_address>0x691</load_address>
         <run_address>0x691</run_address>
         <size>0x12d</size>
         <input_file_ref idref="fl-2"/>
      </object_component>
      <object_component id="oc-1bb">
         <name>.debug_info</name>
         <load_address>0x7be</load_address>
         <run_address>0x7be</run_address>
         <size>0xe0</size>
         <input_file_ref idref="fl-2"/>
      </object_component>
      <object_component id="oc-106">
         <name>.debug_info</name>
         <load_address>0x89e</load_address>
         <run_address>0x89e</run_address>
         <size>0x721</size>
         <input_file_ref idref="fl-2"/>
      </object_component>
      <object_component id="oc-204">
         <name>.debug_info</name>
         <load_address>0xfbf</load_address>
         <run_address>0xfbf</run_address>
         <size>0x1055</size>
         <input_file_ref idref="fl-2"/>
      </object_component>
      <object_component id="oc-2a2">
         <name>.debug_info</name>
         <load_address>0x2014</load_address>
         <run_address>0x2014</run_address>
         <size>0x37e2</size>
         <input_file_ref idref="fl-2"/>
      </object_component>
      <object_component id="oc-326">
         <name>.debug_info</name>
         <load_address>0x57f6</load_address>
         <run_address>0x57f6</run_address>
         <size>0x9a</size>
         <input_file_ref idref="fl-2"/>
      </object_component>
      <object_component id="oc-416">
         <name>.debug_info</name>
         <load_address>0x5890</load_address>
         <run_address>0x5890</run_address>
         <size>0x1b5</size>
         <input_file_ref idref="fl-2"/>
      </object_component>
      <object_component id="oc-39">
         <name>.debug_info</name>
         <load_address>0x5a45</load_address>
         <run_address>0x5a45</run_address>
         <size>0x84</size>
         <input_file_ref idref="fl-2"/>
      </object_component>
      <object_component id="oc-131">
         <name>.debug_info</name>
         <load_address>0x5ac9</load_address>
         <run_address>0x5ac9</run_address>
         <size>0x18b</size>
         <input_file_ref idref="fl-2"/>
      </object_component>
      <object_component id="oc-9a">
         <name>.debug_info</name>
         <load_address>0x5c54</load_address>
         <run_address>0x5c54</run_address>
         <size>0x2c</size>
         <input_file_ref idref="fl-2"/>
      </object_component>
      <object_component id="oc-253">
         <name>.debug_info</name>
         <load_address>0x5c80</load_address>
         <run_address>0x5c80</run_address>
         <size>0x4e</size>
         <input_file_ref idref="fl-2"/>
      </object_component>
      <object_component id="oc-db">
         <name>.debug_info</name>
         <load_address>0x5cce</load_address>
         <run_address>0x5cce</run_address>
         <size>0x112</size>
         <input_file_ref idref="fl-2"/>
      </object_component>
      <object_component id="oc-3c7">
         <name>.debug_info</name>
         <load_address>0x5de0</load_address>
         <run_address>0x5de0</run_address>
         <size>0x615</size>
         <input_file_ref idref="fl-3"/>
      </object_component>
      <object_component id="oc-175">
         <name>.debug_info</name>
         <load_address>0x63f5</load_address>
         <run_address>0x63f5</run_address>
         <size>0x2db</size>
         <input_file_ref idref="fl-3"/>
      </object_component>
      <object_component id="oc-299">
         <name>.debug_info</name>
         <load_address>0x66d0</load_address>
         <run_address>0x66d0</run_address>
         <size>0x37e2</size>
         <input_file_ref idref="fl-3"/>
      </object_component>
      <object_component id="oc-157">
         <name>.debug_info</name>
         <load_address>0x9eb2</load_address>
         <run_address>0x9eb2</run_address>
         <size>0xe3</size>
         <input_file_ref idref="fl-4"/>
      </object_component>
      <object_component id="oc-145">
         <name>.debug_info</name>
         <load_address>0x9f95</load_address>
         <run_address>0x9f95</run_address>
         <size>0xd7</size>
         <input_file_ref idref="fl-4"/>
      </object_component>
      <object_component id="oc-148">
         <name>.debug_info</name>
         <load_address>0xa06c</load_address>
         <run_address>0xa06c</run_address>
         <size>0xd7</size>
         <input_file_ref idref="fl-4"/>
      </object_component>
      <object_component id="oc-14b">
         <name>.debug_info</name>
         <load_address>0xa143</load_address>
         <run_address>0xa143</run_address>
         <size>0xd7</size>
         <input_file_ref idref="fl-4"/>
      </object_component>
      <object_component id="oc-14e">
         <name>.debug_info</name>
         <load_address>0xa21a</load_address>
         <run_address>0xa21a</run_address>
         <size>0xd7</size>
         <input_file_ref idref="fl-4"/>
      </object_component>
      <object_component id="oc-151">
         <name>.debug_info</name>
         <load_address>0xa2f1</load_address>
         <run_address>0xa2f1</run_address>
         <size>0xd7</size>
         <input_file_ref idref="fl-4"/>
      </object_component>
      <object_component id="oc-154">
         <name>.debug_info</name>
         <load_address>0xa3c8</load_address>
         <run_address>0xa3c8</run_address>
         <size>0xd7</size>
         <input_file_ref idref="fl-4"/>
      </object_component>
      <object_component id="oc-d8">
         <name>.debug_info</name>
         <load_address>0xa49f</load_address>
         <run_address>0xa49f</run_address>
         <size>0xe3</size>
         <input_file_ref idref="fl-4"/>
      </object_component>
      <object_component id="oc-d2">
         <name>.debug_info</name>
         <load_address>0xa582</load_address>
         <run_address>0xa582</run_address>
         <size>0x34c</size>
         <input_file_ref idref="fl-4"/>
      </object_component>
      <object_component id="oc-16f">
         <name>.debug_info</name>
         <load_address>0xa8ce</load_address>
         <run_address>0xa8ce</run_address>
         <size>0x374</size>
         <input_file_ref idref="fl-5"/>
      </object_component>
      <object_component id="oc-1d4">
         <name>.debug_info</name>
         <load_address>0xac42</load_address>
         <run_address>0xac42</run_address>
         <size>0x7ec</size>
         <input_file_ref idref="fl-6"/>
      </object_component>
      <object_component id="oc-112">
         <name>.debug_info</name>
         <load_address>0xb42e</load_address>
         <run_address>0xb42e</run_address>
         <size>0xce</size>
         <input_file_ref idref="fl-6"/>
      </object_component>
      <object_component id="oc-115">
         <name>.debug_info</name>
         <load_address>0xb4fc</load_address>
         <run_address>0xb4fc</run_address>
         <size>0xe0</size>
         <input_file_ref idref="fl-6"/>
      </object_component>
      <object_component id="oc-b2">
         <name>.debug_info</name>
         <load_address>0xb5dc</load_address>
         <run_address>0xb5dc</run_address>
         <size>0x6a4</size>
         <input_file_ref idref="fl-6"/>
      </object_component>
      <object_component id="oc-86">
         <name>.debug_info</name>
         <load_address>0xbc80</load_address>
         <run_address>0xbc80</run_address>
         <size>0x2bb</size>
         <input_file_ref idref="fl-7"/>
      </object_component>
      <object_component id="oc-2d">
         <name>.debug_info</name>
         <load_address>0xbf3b</load_address>
         <run_address>0xbf3b</run_address>
         <size>0xf9</size>
         <input_file_ref idref="fl-7"/>
      </object_component>
      <object_component id="oc-79">
         <name>.debug_info</name>
         <load_address>0xc034</load_address>
         <run_address>0xc034</run_address>
         <size>0x1c0</size>
         <input_file_ref idref="fl-7"/>
      </object_component>
      <object_component id="oc-304">
         <name>.debug_info</name>
         <load_address>0xc1f4</load_address>
         <run_address>0xc1f4</run_address>
         <size>0x529</size>
         <input_file_ref idref="fl-8"/>
      </object_component>
      <object_component id="oc-12e">
         <name>.debug_info</name>
         <load_address>0xc71d</load_address>
         <run_address>0xc71d</run_address>
         <size>0xf2</size>
         <input_file_ref idref="fl-8"/>
      </object_component>
      <object_component id="oc-c5">
         <name>.debug_info</name>
         <load_address>0xc80f</load_address>
         <run_address>0xc80f</run_address>
         <size>0x264</size>
         <input_file_ref idref="fl-8"/>
      </object_component>
      <object_component id="oc-1ff">
         <name>.debug_info</name>
         <load_address>0xca73</load_address>
         <run_address>0xca73</run_address>
         <size>0x37cd</size>
         <input_file_ref idref="fl-8"/>
      </object_component>
      <object_component id="oc-1b3">
         <name>.debug_info</name>
         <load_address>0x10240</load_address>
         <run_address>0x10240</run_address>
         <size>0x8dd</size>
         <input_file_ref idref="fl-9"/>
      </object_component>
      <object_component id="oc-100">
         <name>.debug_info</name>
         <load_address>0x10b1d</load_address>
         <run_address>0x10b1d</run_address>
         <size>0x1538</size>
         <input_file_ref idref="fl-9"/>
      </object_component>
      <object_component id="oc-1ae">
         <name>.debug_info</name>
         <load_address>0x12055</load_address>
         <run_address>0x12055</run_address>
         <size>0x8b</size>
         <input_file_ref idref="fl-9"/>
      </object_component>
      <object_component id="oc-1df">
         <name>.debug_info</name>
         <load_address>0x120e0</load_address>
         <run_address>0x120e0</run_address>
         <size>0x3c8</size>
         <input_file_ref idref="fl-d"/>
      </object_component>
      <object_component id="oc-30d">
         <name>.debug_info</name>
         <load_address>0x124a8</load_address>
         <run_address>0x124a8</run_address>
         <size>0x775</size>
         <input_file_ref idref="fl-f"/>
      </object_component>
      <object_component id="oc-30a">
         <name>.debug_info</name>
         <load_address>0x12c1d</load_address>
         <run_address>0x12c1d</run_address>
         <size>0x108</size>
         <input_file_ref idref="fl-f"/>
      </object_component>
      <object_component id="oc-220">
         <name>.debug_info</name>
         <load_address>0x12d25</load_address>
         <run_address>0x12d25</run_address>
         <size>0x22e2</size>
         <input_file_ref idref="fl-f"/>
      </object_component>
      <object_component id="oc-143">
         <name>.debug_info</name>
         <load_address>0x15007</load_address>
         <run_address>0x15007</run_address>
         <size>0x67e</size>
         <input_file_ref idref="fl-13"/>
      </object_component>
      <object_component id="oc-140">
         <name>.debug_info</name>
         <load_address>0x15685</load_address>
         <run_address>0x15685</run_address>
         <size>0xfa</size>
         <input_file_ref idref="fl-13"/>
      </object_component>
      <object_component id="oc-137">
         <name>.debug_info</name>
         <load_address>0x1577f</load_address>
         <run_address>0x1577f</run_address>
         <size>0xfc</size>
         <input_file_ref idref="fl-13"/>
      </object_component>
      <object_component id="oc-cc">
         <name>.debug_info</name>
         <load_address>0x1587b</load_address>
         <run_address>0x1587b</run_address>
         <size>0x19fd</size>
         <input_file_ref idref="fl-13"/>
      </object_component>
      <object_component id="oc-30f">
         <name>.debug_info</name>
         <load_address>0x17278</load_address>
         <run_address>0x17278</run_address>
         <size>0x66d</size>
         <input_file_ref idref="fl-14"/>
      </object_component>
      <object_component id="oc-228">
         <name>.debug_info</name>
         <load_address>0x178e5</load_address>
         <run_address>0x178e5</run_address>
         <size>0x2d1e</size>
         <input_file_ref idref="fl-14"/>
      </object_component>
      <object_component id="oc-1fa">
         <name>.debug_info</name>
         <load_address>0x1a603</load_address>
         <run_address>0x1a603</run_address>
         <size>0x60c</size>
         <input_file_ref idref="fl-15"/>
      </object_component>
      <object_component id="oc-1e8">
         <name>.debug_info</name>
         <load_address>0x1ac0f</load_address>
         <run_address>0x1ac0f</run_address>
         <size>0xf9</size>
         <input_file_ref idref="fl-15"/>
      </object_component>
      <object_component id="oc-1eb">
         <name>.debug_info</name>
         <load_address>0x1ad08</load_address>
         <run_address>0x1ad08</run_address>
         <size>0xf1</size>
         <input_file_ref idref="fl-15"/>
      </object_component>
      <object_component id="oc-1ee">
         <name>.debug_info</name>
         <load_address>0x1adf9</load_address>
         <run_address>0x1adf9</run_address>
         <size>0xf5</size>
         <input_file_ref idref="fl-15"/>
      </object_component>
      <object_component id="oc-1f1">
         <name>.debug_info</name>
         <load_address>0x1aeee</load_address>
         <run_address>0x1aeee</run_address>
         <size>0xf7</size>
         <input_file_ref idref="fl-15"/>
      </object_component>
      <object_component id="oc-1f4">
         <name>.debug_info</name>
         <load_address>0x1afe5</load_address>
         <run_address>0x1afe5</run_address>
         <size>0xf9</size>
         <input_file_ref idref="fl-15"/>
      </object_component>
      <object_component id="oc-1f7">
         <name>.debug_info</name>
         <load_address>0x1b0de</load_address>
         <run_address>0x1b0de</run_address>
         <size>0xfd</size>
         <input_file_ref idref="fl-15"/>
      </object_component>
      <object_component id="oc-1e5">
         <name>.debug_info</name>
         <load_address>0x1b1db</load_address>
         <run_address>0x1b1db</run_address>
         <size>0xfe</size>
         <input_file_ref idref="fl-15"/>
      </object_component>
      <object_component id="oc-13a">
         <name>.debug_info</name>
         <load_address>0x1b2d9</load_address>
         <run_address>0x1b2d9</run_address>
         <size>0x11a1</size>
         <input_file_ref idref="fl-15"/>
      </object_component>
      <object_component id="oc-306">
         <name>.debug_info</name>
         <load_address>0x1c47a</load_address>
         <run_address>0x1c47a</run_address>
         <size>0x544</size>
         <input_file_ref idref="fl-1e"/>
      </object_component>
      <object_component id="oc-218">
         <name>.debug_info</name>
         <load_address>0x1c9be</load_address>
         <run_address>0x1c9be</run_address>
         <size>0xea0</size>
         <input_file_ref idref="fl-1e"/>
      </object_component>
      <object_component id="oc-21e">
         <name>.debug_info</name>
         <load_address>0x1d85e</load_address>
         <run_address>0x1d85e</run_address>
         <size>0x70c</size>
         <input_file_ref idref="fl-23"/>
      </object_component>
      <object_component id="oc-169">
         <name>.debug_info</name>
         <load_address>0x1df6a</load_address>
         <run_address>0x1df6a</run_address>
         <size>0x8b0</size>
         <input_file_ref idref="fl-23"/>
      </object_component>
      <object_component id="oc-23a">
         <name>.debug_info</name>
         <load_address>0x1e81a</load_address>
         <run_address>0x1e81a</run_address>
         <size>0x9db</size>
         <input_file_ref idref="fl-24"/>
      </object_component>
      <object_component id="oc-22e">
         <name>.debug_info</name>
         <load_address>0x1f1f5</load_address>
         <run_address>0x1f1f5</run_address>
         <size>0xe6</size>
         <input_file_ref idref="fl-24"/>
      </object_component>
[...]
         <name>printf</name>
         <value>0xaf69</value>
         <object_component_ref idref="oc-186"/>
      </symbol>
      <symbol id="sm-b9f">
         <name>rand</name>
         <value>0xb3db</value>
         <object_component_ref idref="oc-1c4"/>
      </symbol>
      <symbol id="sm-ba0">
         <name>srand</name>
         <value>0xb3c5</value>
         <object_component_ref idref="oc-1c4"/>
      </symbol>
      <symbol id="sm-ba8">
         <name>main_func_sp</name>
         <value>0x20000724</value>
         <object_component_ref idref="oc-74"/>
      </symbol>
      <symbol id="sm-bbb">
         <name>__time32</name>
         <value>0xb617</value>
         <object_component_ref idref="oc-1be"/>
      </symbol>
      <symbol id="sm-bbc">
         <name>time</name>
         <value>0xb617</value>
         <object_component_ref idref="oc-1be"/>
      </symbol>
      <symbol id="sm-bed">
         <name>HOSTgetenv</name>
         <value>0x89dd</value>
         <object_component_ref idref="oc-2a9"/>
      </symbol>
      <symbol id="sm-bee">
         <name>HOSTrename</name>
         <value>0x8885</value>
         <object_component_ref idref="oc-2a9"/>
      </symbol>
      <symbol id="sm-bef">
         <name>HOSTclose</name>
         <value>0x8a1b</value>
         <object_component_ref idref="oc-2a9"/>
      </symbol>
      <symbol id="sm-bf0">
         <name>HOSTtime64</name>
         <value>0x87fd</value>
         <object_component_ref idref="oc-2a9"/>
      </symbol>
      <symbol id="sm-bf1">
         <name>HOSTunlink</name>
         <value>0x87c5</value>
         <object_component_ref idref="oc-2a9"/>
      </symbol>
      <symbol id="sm-bf2">
         <name>HOSTlseek</name>
         <value>0x8981</value>
         <object_component_ref idref="oc-2a9"/>
      </symbol>
      <symbol id="sm-bf3">
         <name>HOSTopen</name>
         <value>0x892f</value>
         <object_component_ref idref="oc-2a9"/>
      </symbol>
      <symbol id="sm-bf4">
         <name>HOSTclock</name>
         <value>0x8a53</value>
         <object_component_ref idref="oc-2a9"/>
      </symbol>
      <symbol id="sm-bf5">
         <name>HOSTwrite</name>
         <value>0x8779</value>
         <object_component_ref idref="oc-2a9"/>
      </symbol>
      <symbol id="sm-bf6">
         <name>HOSTread</name>
         <value>0x88e3</value>
         <object_component_ref idref="oc-2a9"/>
      </symbol>
      <symbol id="sm-bf7">
         <name>HOSTtime</name>
         <value>0x884b</value>
         <object_component_ref idref="oc-2a9"/>
      </symbol>
      <symbol id="sm-c12">
         <name>__TI_readmsg</name>
         <value>0xb0db</value>
         <object_component_ref idref="oc-3c8"/>
      </symbol>
      <symbol id="sm-c13">
         <name>C$$IO$$</name>
         <value>0xb0d7</value>
         <object_component_ref idref="oc-3c8"/>
      </symbol>
      <symbol id="sm-c14">
         <name>__CIOBUF_</name>
         <value>0x20000984</value>
         <object_component_ref idref="oc-492"/>
      </symbol>
      <symbol id="sm-c15">
         <name>__TI_writemsg</name>
         <value>0xb0a9</value>
         <object_component_ref idref="oc-3c8"/>
      </symbol>
      <symbol id="sm-c2e">
         <name>_nop</name>
         <value>0xb5c7</value>
         <object_component_ref idref="oc-121"/>
      </symbol>
      <symbol id="sm-c2f">
         <name>_lock</name>
         <value>0x200006dc</value>
         <object_component_ref idref="oc-bc"/>
      </symbol>
      <symbol id="sm-c30">
         <name>_unlock</name>
         <value>0x200006e0</value>
         <object_component_ref idref="oc-bc"/>
      </symbol>
      <symbol id="sm-c31">
         <name>_register_lock</name>
         <value>0xb5bf</value>
         <object_component_ref idref="oc-121"/>
      </symbol>
      <symbol id="sm-c32">
         <name>_register_unlock</name>
         <value>0xb5b9</value>
         <object_component_ref idref="oc-121"/>
      </symbol>
      <symbol id="sm-d33">
         <name>__TI_printfi</name>
         <value>0x929</value>
         <object_component_ref idref="oc-248"/>
      </symbol>
      <symbol id="sm-d47">
         <name>_args_main</name>
         <value>0xb571</value>
         <object_component_ref idref="oc-68"/>
      </symbol>
      <symbol id="sm-d5d">
         <name>atoi</name>
         <value>0xb32d</value>
         <object_component_ref idref="oc-383"/>
      </symbol>
      <symbol id="sm-d87">
         <name>__TI_auto_init</name>
         <value>0xaef1</value>
         <object_component_ref idref="oc-62"/>
      </symbol>
      <symbol id="sm-da1">
         <name>copy_in</name>
         <value>0xb379</value>
         <object_component_ref idref="oc-a3"/>
      </symbol>
      <symbol id="sm-dac">
         <name>_ctypes_</name>
         <value>0xcf64</value>
         <object_component_ref idref="oc-472"/>
      </symbol>
      <symbol id="sm-dc1">
         <name>__TI_tmpnams</name>
         <value>0x20000aa4</value>
      </symbol>
      <symbol id="sm-dc2">
         <name>__aeabi_stdout</name>
         <value>0x200006b0</value>
         <object_component_ref idref="oc-43a"/>
      </symbol>
      <symbol id="sm-dc3">
         <name>__aeabi_stderr</name>
         <value>0x200006b4</value>
         <object_component_ref idref="oc-43a"/>
      </symbol>
      <symbol id="sm-dc4">
         <name>__aeabi_stdin</name>
         <value>0x200006ac</value>
         <object_component_ref idref="oc-43a"/>
      </symbol>
      <symbol id="sm-dc5">
         <name>_ftable</name>
         <value>0x20000444</value>
         <object_component_ref idref="oc-24e"/>
      </symbol>
      <symbol id="sm-dc6">
         <name>__TI_ft_end</name>
         <value>0x200006a8</value>
         <object_component_ref idref="oc-43a"/>
      </symbol>
      <symbol id="sm-dd0">
         <name>__aeabi_d2iz</name>
         <value>0xb411</value>
         <object_component_ref idref="oc-35c"/>
      </symbol>
      <symbol id="sm-de7">
         <name>putc</name>
         <value>0xac5d</value>
         <object_component_ref idref="oc-23c"/>
      </symbol>
      <symbol id="sm-de8">
         <name>fputc</name>
         <value>0xac5d</value>
         <object_component_ref idref="oc-23c"/>
      </symbol>
      <symbol id="sm-de9">
         <name>putchar</name>
         <value>0xace1</value>
         <object_component_ref idref="oc-23c"/>
      </symbol>
      <symbol id="sm-e0b">
         <name>puts</name>
         <value>0xa415</value>
         <object_component_ref idref="oc-242"/>
      </symbol>
      <symbol id="sm-e0c">
         <name>fputs</name>
         <value>0xa309</value>
         <object_component_ref idref="oc-242"/>
      </symbol>
      <symbol id="sm-e16">
         <name>__aeabi_i2d</name>
         <value>0xb505</value>
         <object_component_ref idref="oc-367"/>
      </symbol>
      <symbol id="sm-e5f">
         <name>open</name>
         <value>0x8bdb</value>
         <object_component_ref idref="oc-337"/>
      </symbol>
      <symbol id="sm-e60">
         <name>add_device</name>
         <value>0x8cfd</value>
         <object_component_ref idref="oc-337"/>
      </symbol>
      <symbol id="sm-e61">
         <name>remove_device</name>
         <value>0x8b8f</value>
         <object_component_ref idref="oc-337"/>
      </symbol>
      <symbol id="sm-e62">
         <name>lseek</name>
         <value>0x8c89</value>
         <object_component_ref idref="oc-337"/>
      </symbol>
      <symbol id="sm-e63">
         <name>read</name>
         <value>0x8bb7</value>
         <object_component_ref idref="oc-337"/>
      </symbol>
      <symbol id="sm-e64">
         <name>rename</name>
         <value>0x8b51</value>
         <object_component_ref idref="oc-337"/>
      </symbol>
      <symbol id="sm-e65">
         <name>write</name>
         <value>0x8a9d</value>
         <object_component_ref idref="oc-337"/>
      </symbol>
      <symbol id="sm-e66">
         <name>close</name>
         <value>0x8cad</value>
         <object_component_ref idref="oc-337"/>
      </symbol>
      <symbol id="sm-e67">
         <name>unlink</name>
         <value>0x8b2d</value>
         <object_component_ref idref="oc-337"/>
      </symbol>
      <symbol id="sm-e76">
         <name>ltoa</name>
         <value>0xb2d9</value>
         <object_component_ref idref="oc-361"/>
      </symbol>
      <symbol id="sm-e86">
         <name>memccpy</name>
         <value>0xb553</value>
         <object_component_ref idref="oc-389"/>
      </symbol>
      <symbol id="sm-e96">
         <name>memchr</name>
         <value>0xb533</value>
         <object_component_ref idref="oc-345"/>
      </symbol>
      <symbol id="sm-eb1">
         <name>frexpl</name>
         <value>0xb175</value>
         <object_component_ref idref="oc-371"/>
      </symbol>
      <symbol id="sm-eb2">
         <name>frexp</name>
         <value>0xb175</value>
         <object_component_ref idref="oc-371"/>
      </symbol>
      <symbol id="sm-ecf">
         <name>scalbn</name>
         <value>0xa655</value>
         <object_component_ref idref="oc-377"/>
      </symbol>
      <symbol id="sm-ed0">
         <name>scalbnl</name>
         <value>0xa655</value>
         <object_component_ref idref="oc-377"/>
      </symbol>
      <symbol id="sm-ed1">
         <name>ldexpl</name>
         <value>0xa655</value>
         <object_component_ref idref="oc-377"/>
      </symbol>
      <symbol id="sm-ed2">
         <name>ldexp</name>
         <value>0xa655</value>
         <object_component_ref idref="oc-377"/>
      </symbol>
      <symbol id="sm-edc">
         <name>_system_post_cinit</name>
         <value>0x3933</value>
         <object_component_ref idref="oc-a9"/>
      </symbol>
      <symbol id="sm-eec">
         <name>strchr</name>
         <value>0xb5a1</value>
         <object_component_ref idref="oc-37d"/>
      </symbol>
      <symbol id="sm-efb">
         <name>strcmp</name>
         <value>0xb589</value>
         <object_component_ref idref="oc-43f"/>
      </symbol>
      <symbol id="sm-f09">
         <name>strcpy</name>
         <value>0xb5e1</value>
         <object_component_ref idref="oc-3ce"/>
      </symbol>
      <symbol id="sm-f17">
         <name>strlen</name>
         <value>0xb5f5</value>
         <object_component_ref idref="oc-33f"/>
      </symbol>
      <symbol id="sm-f27">
         <name>strncpy</name>
         <value>0xb4cf</value>
         <object_component_ref idref="oc-445"/>
      </symbol>
      <symbol id="sm-f43">
         <name>__aeabi_uldivmod</name>
         <value>0x9505</value>
         <object_component_ref idref="oc-34d"/>
      </symbol>
      <symbol id="sm-f61">
         <name>__TI_wrt_ok</name>
         <value>0xaa7d</value>
         <object_component_ref idref="oc-32b"/>
      </symbol>
      <symbol id="sm-f62">
         <name>__TI_rd_ok</name>
         <value>0xaadf</value>
         <object_component_ref idref="oc-32b"/>
      </symbol>
      <symbol id="sm-f7c">
         <name>__TI_doflush</name>
         <value>0xa905</value>
         <object_component_ref idref="oc-331"/>
      </symbol>
      <symbol id="sm-f7d">
         <name>fflush</name>
         <value>0xa951</value>
         <object_component_ref idref="oc-331"/>
      </symbol>
      <symbol id="sm-f8f">
         <name>fseek</name>
         <value>0xb111</value>
         <object_component_ref idref="oc-42c"/>
      </symbol>
      <symbol id="sm-f99">
         <name>copysign</name>
         <value>0xb5cd</value>
         <object_component_ref idref="oc-468"/>
      </symbol>
      <symbol id="sm-f9a">
         <name>copysignl</name>
         <value>0xb5cd</value>
         <object_component_ref idref="oc-468"/>
      </symbol>
      <symbol id="sm-fb6">
         <name>setvbuf</name>
         <value>0xa751</value>
         <object_component_ref idref="oc-432"/>
      </symbol>
      <symbol id="sm-fed">
         <name>__TI_cleanup</name>
         <value>0x97c1</value>
         <object_component_ref idref="oc-4a9"/>
      </symbol>
      <symbol id="sm-fee">
         <name>freopen</name>
         <value>0x97ed</value>
         <object_component_ref idref="oc-4a9"/>
      </symbol>
      <symbol id="sm-fef">
         <name>fopen</name>
         <value>0x9817</value>
         <object_component_ref idref="oc-4a9"/>
      </symbol>
      <symbol id="sm-105e">
         <name>_sys_memory</name>
         <value>0x20000b58</value>
         <object_component_ref idref="oc-30"/>
      </symbol>
      <symbol id="sm-105f">
         <name>free</name>
         <value>0x7a2b</value>
         <object_component_ref idref="oc-4a3"/>
      </symbol>
      <symbol id="sm-1060">
         <name>realloc</name>
         <value>0x7aed</value>
         <object_component_ref idref="oc-4a3"/>
      </symbol>
      <symbol id="sm-1061">
         <name>memalign</name>
         <value>0x7bf5</value>
         <object_component_ref idref="oc-4a3"/>
      </symbol>
      <symbol id="sm-1062">
         <name>calloc</name>
         <value>0x7ce1</value>
         <object_component_ref idref="oc-4a3"/>
      </symbol>
      <symbol id="sm-1063">
         <name>malloc</name>
         <value>0x79c1</value>
         <object_component_ref idref="oc-4a3"/>
      </symbol>
      <symbol id="sm-1064">
         <name>minit</name>
         <value>0x7941</value>
         <object_component_ref idref="oc-4a3"/>
      </symbol>
      <symbol id="sm-107a">
         <name>__TI_closefile</name>
         <value>0xabc5</value>
         <object_component_ref idref="oc-4e9"/>
      </symbol>
      <symbol id="sm-107b">
         <name>fclose</name>
         <value>0xac2b</value>
         <object_component_ref idref="oc-4e9"/>
      </symbol>
      <symbol id="sm-107d">
         <name>__TI_static_base__</name>
         <value>0x0</value>
      </symbol>
      <symbol id="sm-1080">
         <name>SHT$$INIT_ARRAY$$Limit</name>
         <value>0x0</value>
      </symbol>
      <symbol id="sm-1081">
         <name>SHT$$INIT_ARRAY$$Base</name>
         <value>0x0</value>
      </symbol>
      <symbol id="sm-1082">
         <name>NMI_Handler</name>
         <value>0xb631</value>
      </symbol>
      <symbol id="sm-1083">
         <name>HardFault_Handler</name>
         <value>0xb631</value>
      </symbol>
      <symbol id="sm-1084">
         <name>MemManage_Handler</name>
         <value>0xb631</value>
      </symbol>
      <symbol id="sm-1085">
         <name>BusFault_Handler</name>
         <value>0xb631</value>
      </symbol>
      <symbol id="sm-1086">
         <name>UsageFault_Handler</name>
         <value>0xb631</value>
      </symbol>
      <symbol id="sm-1087">
         <name>SVC_Handler</name>
         <value>0xb631</value>
      </symbol>
      <symbol id="sm-1088">
         <name>DebugMon_Handler</name>
         <value>0xb631</value>
      </symbol>
      <symbol id="sm-1089">
         <name>PendSV_Handler</name>
         <value>0xb631</value>
      </symbol>
      <symbol id="sm-108a">
         <name>SysTick_Handler</name>
         <value>0xb631</value>
      </symbol>
      <symbol id="sm-108b">
         <name>PSS_IRQHandler</name>
         <value>0xb631</value>
      </symbol>
      <symbol id="sm-108c">
         <name>CS_IRQHandler</name>
         <value>0xb631</value>
      </symbol>
      <symbol id="sm-108d">
         <name>PCM_IRQHandler</name>
         <value>0xb631</value>
      </symbol>
      <symbol id="sm-108e">
         <name>WDT_A_IRQHandler</name>
         <value>0xb631</value>
      </symbol>
      <symbol id="sm-108f">
         <name>FPU_IRQHandler</name>
         <value>0xb631</value>
      </symbol>
      <symbol id="sm-1090">
         <name>FLCTL_IRQHandler</name>
         <value>0xb631</value>
      </symbol>
      <symbol id="sm-1091">
         <name>COMP_E0_IRQHandler</name>
         <value>0xb631</value>
      </symbol>
      <symbol id="sm-1092">
         <name>COMP_E1_IRQHandler</name>
         <value>0xb631</value>
      </symbol>
      <symbol id="sm-1093">
         <name>TA0_0_IRQHandler</name>
         <value>0x935f</value>
      </symbol>
      <symbol id="sm-1094">
         <name>TA0_N_IRQHandler</name>
         <value>0xb631</value>
      </symbol>
      <symbol id="sm-1095">
         <name>TA1_0_IRQHandler</name>
         <value>0xb631</value>
      </symbol>
      <symbol id="sm-1096">
         <name>TA1_N_IRQHandler</name>
         <value>0xb631</value>
      </symbol>
      <symbol id="sm-1097">
         <name>TA2_0_IRQHandler</name>
         <value>0xb631</value>
      </symbol>
      <symbol id="sm-1098">
         <name>TA2_N_IRQHandler</name>
         <value>0xb631</value>
      </symbol>
      <symbol id="sm-1099">
         <name>TA3_0_IRQHandler</name>
         <value>0xb631</value>
      </symbol>
      <symbol id="sm-109a">
         <name>TA3_N_IRQHandler</name>
         <value>0xb631</value>
      </symbol>
      <symbol id="sm-109b">
         <name>EUSCIA0_IRQHandler</name>
         <value>0xb631</value>
      </symbol>
      <symbol id="sm-109c">
         <name>EUSCIA1_IRQHandler</name>
         <value>0xb631</value>
      </symbol>
      <symbol id="sm-109d">
         <name>EUSCIA2_IRQHandler</name>
         <value>0xb631</value>
      </symbol>
      <symbol id="sm-109e">
         <name>EUSCIA3_IRQHandler</name>
         <value>0xb631</value>
      </symbol>
      <symbol id="sm-109f">
         <name>EUSCIB0_IRQHandler</name>
         <value>0xb631</value>
      </symbol>
      <symbol id="sm-10a0">
         <name>EUSCIB1_IRQHandler</name>
         <value>0xb631</value>
      </symbol>
      <symbol id="sm-10a1">
         <name>EUSCIB2_IRQHandler</name>
         <value>0xb631</value>
      </symbol>
      <symbol id="sm-10a2">
         <name>EUSCIB3_IRQHandler</name>
         <value>0xb631</value>
      </symbol>
      <symbol id="sm-10a3">
         <name>ADC14_IRQHandler</name>
         <value>0xb631</value>
      </symbol>
      <symbol id="sm-10a4">
         <name>T32_INT1_IRQHandler</name>
         <value>0xb631</value>
      </symbol>
      <symbol id="sm-10a5">
         <name>T32_INT2_IRQHandler</name>
         <value>0xb631</value>
      </symbol>
      <symbol id="sm-10a6">
         <name>T32_INTC_IRQHandler</name>
         <value>0xb631</value>
      </symbol>
      <symbol id="sm-10a7">
         <name>AES256_IRQHandler</name>
         <value>0xb631</value>
      </symbol>
      <symbol id="sm-10a8">
         <name>RTC_C_IRQHandler</name>
         <value>0xb631</value>
      </symbol>
      <symbol id="sm-10a9">
         <name>DMA_ERR_IRQHandler</name>
         <value>0xb631</value>
      </symbol>
      <symbol id="sm-10aa">
         <name>DMA_INT3_IRQHandler</name>
         <value>0xb631</value>
      </symbol>
      <symbol id="sm-10ab">
         <name>DMA_INT2_IRQHandler</name>
         <value>0xb631</value>
      </symbol>
      <symbol id="sm-10ac">
         <name>DMA_INT1_IRQHandler</name>
         <value>0xb631</value>
      </symbol>
      <symbol id="sm-10ad">
         <name>DMA_INT0_IRQHandler</name>
         <value>0xb631</value>
      </symbol>
      <symbol id="sm-10ae">
         <name>PORT1_IRQHandler</name>
         <value>0xb631</value>
      </symbol>
      <symbol id="sm-10af">
         <name>PORT2_IRQHandler</name>
         <value>0xb631</value>
      </symbol>
      <symbol id="sm-10b0">
         <name>PORT3_IRQHandler</name>
         <value>0xb631</value>
      </symbol>
      <symbol id="sm-10b1">
         <name>PORT4_IRQHandler</name>
         <value>0xb631</value>
      </symbol>
      <symbol id="sm-10b2">
         <name>PORT5_IRQHandler</name>
         <value>0xb631</value>
      </symbol>
      <symbol id="sm-10b3">
         <name>PORT6_IRQHandler</name>
         <value>0xb631</value>
      </symbol>
      <symbol id="sm-10b4">
         <name>remove</name>
         <value>0x8b2d</value>
      </symbol>
   </symbol_table>
   <title>Link successful</title>
</link_info>
